interval=1m coins=['BTC', 'ETH'] panel=jev cache=25000
split at 2026-09-22 20:33:00+00:00  train_days=14.7 val_days=6.3
[1m-jev-s42] it   1/200  obj= -5.91  train n= 103 R=-1.532 pf=0.32 | val n=  40 R=-1.352 pf=0.71 | no-panel train n= 438 R=-1.882  (0s)
[1m-jev-s42] it   2/200  obj= -0.41  train n=  39 R=-0.175 pf=0.88 | val n=   9 R=-1.023 pf=0.27 | no-panel train n= 166 R=-0.566  (0s)
[1m-jev-s42] it   3/200  obj= -6.62  train n= 210 R=-0.842 pf=0.60 | val n= 101 R=-0.885 pf=0.61 | no-panel train n= 756 R=-1.211  (0s)
[1m-jev-s42] it   4/200  obj= -9.00  train n=   0 R=+0.000 pf=0.00 | val n=   0 R=+0.000 pf=0.00 | no-panel train n=  75 R=-0.344  (0s)
[1m-jev-s42] it   5/200  obj= -0.30  train n=   7 R=-0.891 pf=0.06 | val n=   4 R=-1.249 pf=0.05 | no-panel train n= 518 R=-0.881  (0s)
[1m-jev-s42] it   6/200  obj= -0.17  train n=   5 R=-0.670 pf=0.16 | val n=   0 R=+0.000 pf=0.00 | no-panel train n=  15 R=-0.188  (0s)
[1m-jev-s42] it   7/200  obj= -9.00  train n=   0 R=+0.000 pf=0.00 | val n=   0 R=+0.000 pf=0.00 | no-panel train n=   4 R=-0.398  (1s)
[1m-jev-s42] it   8/200  obj= -0.07  train n=   4 R=-0.667 pf=0.24 | val n=   2 R=-1.440 pf=0.00 | no-panel train n=  76 R=-0.298  (1s)
[1m-jev-s42] it   9/200  obj= -9.00  train n=   0 R=+0.000 pf=0.00 | val n=   0 R=+0.000 pf=0.00 | no-panel train n=  26 R=-0.162  (1s)
[1m-jev-s42] it  10/200  obj=  0.00  train n=   1 R=+1.559 pf=99.00 | val n=   0 R=+0.000 pf=0.00 | no-panel train n=  41 R=-0.430  (1s)
[1m-jev-s42] it  11/200  obj=  0.00  train n=   2 R=+0.051 pf=1.03 | val n=   0 R=+0.000 pf=0.00 | no-panel train n=   6 R=+0.062  (1s)
[1m-jev-s42] it  12/200  obj=  0.00  train n=   1 R=+1.655 pf=99.00 | val n=   0 R=+0.000 pf=0.00 | no-panel train n= 222 R=-0.447  (1s)
[1m-jev-s42] it  13/200  obj=  0.00  train n=   1 R=+2.008 pf=99.00 | val n=   0 R=+0.000 pf=0.00 | no-panel train n=  96 R=-0.269  (1s)
[1m-jev-s42] it  14/200  obj= -0.58  train n=  48 R=-0.138 pf=0.76 | val n=  14 R=-0.611 pf=0.33 | no-panel train n=  67 R=+0.000  (1s)
[1m-jev-s42] it  15/200  obj= -9.34  train n=   4 R=-1.180 pf=0.00 | val n=   0 R=+0.000 pf=0.00 | no-panel train n=  10 R=-0.432  (1s)
[1m-jev-s42] it  16/200  obj=  0.22  train n=  12 R=+0.566 pf=2.42 | val n=   5 R=-0.349 pf=0.56 | no-panel train n=  88 R=-0.301  (1s)
[1m-jev-s42] it  17/200  obj= -7.81  train n=   3 R=-1.374 pf=0.00 | val n=   0 R=+0.000 pf=0.00 | no-panel train n=   8 R=-0.699  (1s)
[1m-jev-s42] it  18/200  obj=  0.00  train n=   1 R=+1.747 pf=99.00 | val n=   0 R=+0.000 pf=0.00 | no-panel train n=   9 R=-0.097  (1s)
[1m-jev-s42] it  19/200  obj= -0.11  train n=   8 R=-0.463 pf=0.39 | val n=   0 R=+0.000 pf=0.00 | no-panel train n= 129 R=-0.240  (1s)
[1m-jev-s42] it  20/200  obj=  0.22  train n=  10 R=+0.695 pf=1.71 | val n=   2 R=+0.287 pf=1.47 | no-panel train n=  83 R=-0.200  (1s)
[1m-jev-s42] it  21/200  obj=  0.02  train n=   3 R=+0.327 pf=1.86 | val n=   0 R=+0.000 pf=0.00 | no-panel train n=   5 R=+0.360  (1s)
[1m-jev-s42] it  22/200  obj= -9.00  train n=   0 R=+0.000 pf=0.00 | val n=   0 R=+0.000 pf=0.00 | no-panel train n=   5 R=+0.074  (1s)
[1m-jev-s42] it  23/200  obj= -9.22  train n=   2 R=-1.126 pf=0.00 | val n=   1 R=+1.978 pf=99.00 | no-panel train n=1221 R=-1.036  (1s)
[1m-jev-s42] it  24/200  obj=  0.00  train n=   1 R=+2.459 pf=99.00 | val n=   0 R=+0.000 pf=0.00 | no-panel train n=   5 R=+0.400  (1s)
[1m-jev-s42] it  25/200  obj= -0.14  train n=   8 R=-0.441 pf=0.50 | val n=   7 R=-0.413 pf=0.63 | no-panel train n= 263 R=-0.598  (1s)
[1m-jev-s42] it  26/200  obj=  0.01  train n=   2 R=+0.568 pf=1.72 | val n=   0 R=+0.000 pf=0.00 | no-panel train n=   8 R=-0.285  (2s)
[1m-jev-s42] it  27/200  obj= -9.00  train n=   0 R=+0.000 pf=0.00 | val n=   0 R=+0.000 pf=0.00 | no-panel train n=  52 R=-0.062  (2s)
[1m-jev-s42] it  28/200  obj= -0.62  train n=  32 R=-0.238 pf=0.67 | val n=   9 R=-0.636 pf=0.34 | no-panel train n= 116 R=-0.267  (2s)
[1m-jev-s42] it  29/200  obj= -0.06  train n=  11 R=-0.105 pf=0.50 | val n=   0 R=+0.000 pf=0.00 | no-panel train n=  57 R=-0.127  (2s)
[1m-jev-s42] it  30/200  obj= -1.63  train n=  53 R=-0.381 pf=0.65 | val n=  17 R=-0.071 pf=0.91 | no-panel train n= 281 R=-0.567  (2s)
[1m-jev-s42] it  31/200  obj=  0.01  train n=   2 R=+0.400 pf=1.70 | val n=   0 R=+0.000 pf=0.00 | no-panel train n=   5 R=+0.128  (2s)
[1m-jev-s42] it  32/200  obj= -9.00  train n=   0 R=+0.000 pf=0.00 | val n=   0 R=+0.000 pf=0.00 | no-panel train n= 192 R=-0.544  (2s)
[1m-jev-s42] it  33/200  obj= -9.00  train n=   0 R=+0.000 pf=0.00 | val n=   0 R=+0.000 pf=0.00 | no-panel train n=   2 R=+0.195  (2s)
[1m-jev-s42] it  34/200  obj= -9.00  train n=   0 R=+0.000 pf=0.00 | val n=   0 R=+0.000 pf=0.00 | no-panel train n=  77 R=-0.529  (2s)
[1m-jev-s42] it  35/200  obj= -0.07  train n=   7 R=-0.358 pf=0.87 | val n=   3 R=-1.617 pf=0.00 | no-panel train n= 193 R=-0.701  (2s)
[1m-jev-s42] it  36/200  obj= -9.00  train n=   0 R=+0.000 pf=0.00 | val n=   0 R=+0.000 pf=0.00 | no-panel train n=   6 R=-0.340  (2s)
[1m-jev-s42] it  37/200  obj= -9.00  train n=   0 R=+0.000 pf=0.00 | val n=   0 R=+0.000 pf=0.00 | no-panel train n=1071 R=-1.175  (2s)
[1m-jev-s42] it  38/200  obj= -0.11  train n=   5 R=-0.718 pf=0.30 | val n=   1 R=+1.305 pf=99.00 | no-panel train n=2222 R=-1.627  (2s)
[1m-jev-s42] it  39/200  obj=  0.00  train n=   1 R=-1.215 pf=0.00 | val n=   0 R=+0.000 pf=0.00 | no-panel train n=   8 R=-0.665  (2s)
[1m-jev-s42] it  40/200  obj= -0.02  train n=   2 R=-0.520 pf=0.20 | val n=   0 R=+0.000 pf=0.00 | no-panel train n= 188 R=-0.735  (3s)
[1m-jev-s42] it  41/200  obj=  0.00  train n=   1 R=+1.414 pf=99.00 | val n=   0 R=+0.000 pf=0.00 | no-panel train n=   5 R=+0.376  (3s)
[1m-jev-s42] it  42/200  obj= -0.05  train n=   3 R=-0.393 pf=0.10 | val n=   0 R=+0.000 pf=0.00 | no-panel train n=  11 R=-0.342  (3s)
[1m-jev-s42] it  43/200  obj= -0.10  train n=   2 R=-0.877 pf=0.00 | val n=   0 R=+0.000 pf=0.00 | no-panel train n=   5 R=-0.394  (3s)
[1m-jev-s42] it  44/200  obj=  0.00  train n=   1 R=+1.591 pf=99.00 | val n=   0 R=+0.000 pf=0.00 | no-panel train n=   6 R=+0.259  (3s)
[1m-jev-s42] it  45/200  obj=  0.02  train n=   4 R=+0.191 pf=1.17 | val n=   1 R=+1.539 pf=99.00 | no-panel train n=2093 R=-1.541  (3s)
[1m-jev-s42] it  46/200  obj= -0.06  train n=   3 R=-0.585 pf=0.17 | val n=   0 R=+0.000 pf=0.00 | no-panel train n=   8 R=-0.353  (3s)
[1m-jev-s42] it  47/200  obj=  0.00  train n=  10 R=+0.012 pf=0.97 | val n=   1 R=-1.455 pf=0.00 | no-panel train n=  59 R=+0.124  (3s)
[1m-jev-s42] it  48/200  obj=  0.00  train n=   1 R=-1.113 pf=0.00 | val n=   0 R=+0.000 pf=0.00 | no-panel train n= 271 R=-0.420  (3s)
[1m-jev-s42] it  49/200  obj= -0.02  train n=   5 R=-0.198 pf=1.06 | val n=   0 R=+0.000 pf=0.00 | no-panel train n=  40 R=-0.381  (3s)
[1m-jev-s42] it  50/200  obj= -0.12  train n=   2 R=-0.758 pf=0.00 | val n=   0 R=+0.000 pf=0.00 | no-panel train n=  38 R=-0.138  (3s)
[1m-jev-s42] it  51/200  obj=  0.00  train n=   1 R=+1.697 pf=99.00 | val n=   1 R=-1.293 pf=0.00 | no-panel train n= 130 R=-0.337  (3s)
[1m-jev-s42] it  52/200  obj= -0.20  train n=  38 R=-0.087 pf=0.85 | val n=  11 R=-0.566 pf=0.62 | no-panel train n= 215 R=-0.363  (3s)
[1m-jev-s42] it  53/200  obj= -9.00  train n=   0 R=+0.000 pf=0.00 | val n=   0 R=+0.000 pf=0.00 | no-panel train n=  76 R=-0.350  (3s)
[1m-jev-s42] it  54/200  obj= -0.11  train n=   3 R=-0.850 pf=0.00 | val n=   0 R=+0.000 pf=0.00 | no-panel train n= 462 R=-1.277  (4s)
[1m-jev-s42] it  55/200  obj= -9.00  train n=   0 R=+0.000 pf=0.00 | val n=   0 R=+0.000 pf=0.00 | no-panel train n=   2 R=+0.625  (4s)
[1m-jev-s42] it  56/200  obj= -9.00  train n=   0 R=+0.000 pf=0.00 | val n=   0 R=+0.000 pf=0.00 | no-panel train n=  45 R=-0.221  (4s)
[1m-jev-s42] it  57/200  obj=  0.00  train n=   1 R=+1.742 pf=99.00 | val n=   0 R=+0.000 pf=0.00 | no-panel train n=   5 R=+0.028  (4s)
[1m-jev-s42] it  58/200  obj=  0.01  train n=  36 R=+0.008 pf=0.97 | val n=  14 R=-0.926 pf=0.24 | no-panel train n=  93 R=-0.064  (4s)
[1m-jev-s42] it  59/200  obj= -9.00  train n=   0 R=+0.000 pf=0.00 | val n=   0 R=+0.000 pf=0.00 | no-panel train n=   3 R=-0.652  (4s)
[1m-jev-s42] it  60/200  obj= -0.10  train n=   4 R=-0.674 pf=0.30 | val n=   0 R=+0.000 pf=0.00 | no-panel train n=  10 R=-0.214  (4s)
[1m-jev-s42] it  61/200  obj= -9.00  train n=   0 R=+0.000 pf=0.00 | val n=   0 R=+0.000 pf=0.00 | no-panel train n=  32 R=-0.546  (4s)
[1m-jev-s42] it  62/200  obj= -0.04  train n=   3 R=-0.335 pf=0.19 | val n=   1 R=+1.810 pf=99.00 | no-panel train n= 119 R=-0.240  (4s)
[1m-jev-s42] it  63/200  obj= -0.24  train n=   8 R=-0.666 pf=0.25 | val n=   0 R=+0.000 pf=0.00 | no-panel train n=  17 R=-0.677  (4s)
[1m-jev-s42] it  64/200  obj= -9.32  train n=   3 R=-1.160 pf=0.00 | val n=   0 R=+0.000 pf=0.00 | no-panel train n=1062 R=-1.138  (4s)
[1m-jev-s42] it  65/200  obj= -0.24  train n=  30 R=-0.165 pf=0.97 | val n=  20 R=-1.005 pf=0.51 | no-panel train n= 776 R=-1.150  (4s)
[1m-jev-s42] it  66/200  obj= -9.00  train n=   0 R=+0.000 pf=0.00 | val n=   0 R=+0.000 pf=0.00 | no-panel train n=  12 R=-0.167  (4s)
[1m-jev-s42] it  67/200  obj=  0.00  train n=   1 R=-1.249 pf=0.00 | val n=   0 R=+0.000 pf=0.00 | no-panel train n=1931 R=-1.989  (4s)
[1m-jev-s42] it  68/200  obj= -2.60  train n=  57 R=-0.481 pf=0.58 | val n=  24 R=-0.848 pf=0.17 | no-panel train n= 698 R=-1.023  (5s)
[1m-jev-s42] it  69/200  obj= -9.00  train n=   0 R=+0.000 pf=0.00 | val n=   0 R=+0.000 pf=0.00 | no-panel train n=   7 R=-0.114  (5s)
[1m-jev-s42] it  70/200  obj=  0.02  train n=   3 R=+0.330 pf=1.83 | val n=   0 R=+0.000 pf=0.00 | no-panel train n=   7 R=-0.217  (5s)
[1m-jev-s42] it  71/200  obj= -1.04  train n=   9 R=-1.030 pf=0.02 | val n=   0 R=+0.000 pf=0.00 | no-panel train n=2305 R=-1.283  (5s)
[1m-jev-s42] it  72/200  obj= -9.00  train n=   0 R=+0.000 pf=0.00 | val n=   0 R=+0.000 pf=0.00 | no-panel train n= 114 R=-0.621  (5s)
[1m-jev-s42] it  73/200  obj= -9.00  train n=   0 R=+0.000 pf=0.00 | val n=   0 R=+0.000 pf=0.00 | no-panel train n=   5 R=-0.496  (5s)
[1m-jev-s42] it  74/200  obj= -9.00  train n=   0 R=+0.000 pf=0.00 | val n=   0 R=+0.000 pf=0.00 | no-panel train n=   6 R=-0.000  (5s)
[1m-jev-s42] it  75/200  obj=  0.01  train n=   5 R=+0.047 pf=1.04 | val n=   0 R=+0.000 pf=0.00 | no-panel train n=   6 R=+0.196  (5s)
[1m-jev-s42] it  76/200  obj= -9.00  train n=   0 R=+0.000 pf=0.00 | val n=   0 R=+0.000 pf=0.00 | no-panel train n= 289 R=-0.610  (5s)
[1m-jev-s42] it  77/200  obj= -0.04  train n=   3 R=-1.056 pf=0.56 | val n=   2 R=-1.716 pf=0.00 | no-panel train n= 273 R=-1.641  (5s)
[1m-jev-s42] it  78/200  obj= -9.00  train n=   0 R=+0.000 pf=0.00 | val n=   0 R=+0.000 pf=0.00 | no-panel train n=   6 R=-0.342  (5s)
[1m-jev-s42] it  79/200  obj= -0.01  train n=   3 R=-0.170 pf=1.04 | val n=   1 R=-1.450 pf=0.00 | no-panel train n= 125 R=-1.120  (5s)
[1m-jev-s42] it  80/200  obj=  0.00  train n=   1 R=+1.809 pf=99.00 | val n=   0 R=+0.000 pf=0.00 | no-panel train n=  10 R=-0.582  (5s)
[1m-jev-s42] it  81/200  obj=  0.09  train n=   8 R=+0.279 pf=1.70 | val n=   0 R=+0.000 pf=0.00 | no-panel train n=  12 R=+0.109  (5s)
[1m-jev-s42] it  82/200  obj= -9.00  train n=   0 R=+0.000 pf=0.00 | val n=   0 R=+0.000 pf=0.00 | no-panel train n=  10 R=-0.373  (6s)
[1m-jev-s42] it  83/200  obj= -0.82  train n=  23 R=-0.506 pf=0.35 | val n=   1 R=-1.253 pf=0.00 | no-panel train n=  52 R=-0.381  (6s)
[1m-jev-s42] it  84/200  obj=  0.08  train n=   7 R=+0.369 pf=1.41 | val n=   1 R=+1.572 pf=99.00 | no-panel train n= 110 R=-0.187  (6s)
[1m-jev-s42] it  85/200  obj= -5.86  train n=   3 R=-1.238 pf=0.00 | val n=   0 R=+0.000 pf=0.00 | no-panel train n=1386 R=-1.723  (6s)
[1m-jev-s42] it  86/200  obj= -1.10  train n=  46 R=-0.299 pf=0.56 | val n=   3 R=-1.528 pf=0.00 | no-panel train n=  62 R=-0.115  (6s)
[1m-jev-s42] it  87/200  obj=  0.00  train n=   2 R=+0.007 pf=1.37 | val n=   0 R=+0.000 pf=0.00 | no-panel train n=   7 R=-0.021  (6s)
[1m-jev-s42] it  88/200  obj= -6.64  train n= 139 R=-0.978 pf=0.46 | val n=  68 R=-1.783 pf=0.13 | no-panel train n= 673 R=-1.546  (6s)
[1m-jev-s42] it  89/200  obj= -9.00  train n=   0 R=+0.000 pf=0.00 | val n=   0 R=+0.000 pf=0.00 | no-panel train n=   4 R=-0.138  (6s)
[1m-jev-s42] it  90/200  obj= -9.00  train n=   0 R=+0.000 pf=0.00 | val n=   0 R=+0.000 pf=0.00 | no-panel train n=   0 R=+0.000  (6s)
[1m-jev-s42] it  91/200  obj= -0.44  train n=  15 R=-0.440 pf=0.42 | val n=  11 R=-0.783 pf=0.19 | no-panel train n= 134 R=-0.399  (6s)
[1m-jev-s42] it  92/200  obj= -9.00  train n=   0 R=+0.000 pf=0.00 | val n=   0 R=+0.000 pf=0.00 | no-panel train n= 273 R=-0.959  (6s)
[1m-jev-s42] it  93/200  obj= -9.00  train n=   0 R=+0.000 pf=0.00 | val n=   0 R=+0.000 pf=0.00 | no-panel train n=   5 R=-0.009  (6s)
[1m-jev-s42] it  94/200  obj= -1.33  train n=   2 R=-1.187 pf=0.00 | val n=   0 R=+0.000 pf=0.00 | no-panel train n= 184 R=-1.142  (6s)
[1m-jev-s42] it  95/200  obj= -0.03  train n=   8 R=-0.079 pf=0.81 | val n=   3 R=-0.827 pf=0.44 | no-panel train n= 721 R=-1.229  (6s)
[1m-jev-s42] it  96/200  obj= -0.30  train n=   7 R=-0.767 pf=0.13 | val n=   0 R=+0.000 pf=0.00 | no-panel train n=  11 R=-0.626  (6s)
[1m-jev-s42] it  97/200  obj= -9.00  train n=   0 R=+0.000 pf=0.00 | val n=   0 R=+0.000 pf=0.00 | no-panel train n=  84 R=-0.290  (6s)
[1m-jev-s42] it  98/200  obj= -4.45  train n=  63 R=-0.635 pf=0.28 | val n=  13 R=-1.061 pf=0.08 | no-panel train n= 138 R=-0.621  (6s)
[1m-jev-s42] it  99/200  obj= -0.82  train n=  38 R=-0.296 pf=0.69 | val n=  12 R=-0.530 pf=0.50 | no-panel train n= 197 R=-0.457  (7s)
[1m-jev-s42] it 100/200  obj=  0.01  train n=   2 R=+0.494 pf=2.18 | val n=   0 R=+0.000 pf=0.00 | no-panel train n=  90 R=-0.383  (7s)
[1m-jev-s42] it 101/200  obj= -0.04  train n=   8 R=-0.194 pf=0.76 | val n=   0 R=+0.000 pf=0.00 | no-panel train n=  44 R=-0.247  (7s)
[1m-jev-s42] it 102/200  obj=  0.16  train n=  18 R=+0.206 pf=0.90 | val n=   5 R=-0.209 pf=0.73 | no-panel train n= 100 R=-0.373  (7s)
[1m-jev-s42] it 103/200  obj= -9.00  train n=   0 R=+0.000 pf=0.00 | val n=   0 R=+0.000 pf=0.00 | no-panel train n=  10 R=-0.202  (7s)
[1m-jev-s42] it 104/200  obj= -0.16  train n=  34 R=-0.084 pf=0.82 | val n=   8 R=-0.842 pf=0.33 | no-panel train n= 168 R=-0.500  (7s)
[1m-jev-s42] it 105/200  obj= -3.24  train n= 110 R=-0.373 pf=0.54 | val n=  29 R=-0.795 pf=0.30 | no-panel train n= 210 R=-0.579  (7s)
[1m-jev-s42] it 106/200  obj= -0.03  train n=   3 R=-0.455 pf=0.53 | val n=   0 R=+0.000 pf=0.00 | no-panel train n=  45 R=-0.161  (7s)
[1m-jev-s42] it 107/200  obj= -0.01  train n=   6 R=-0.086 pf=0.78 | val n=   0 R=+0.000 pf=0.00 | no-panel train n=  14 R=-0.479  (7s)
[1m-jev-s42] it 108/200  obj=  0.02  train n=   4 R=+0.340 pf=1.35 | val n=   0 R=+0.000 pf=0.00 | no-panel train n=   4 R=+0.340  (7s)
[1m-jev-s42] it 109/200  obj=  0.00  train n=   1 R=+1.283 pf=99.00 | val n=   0 R=+0.000 pf=0.00 | no-panel train n=1123 R=-1.004  (7s)
[1m-jev-s42] it 110/200  obj= -0.11  train n=   6 R=-0.479 pf=0.47 | val n=   1 R=-1.413 pf=0.00 | no-panel train n= 895 R=-1.206  (7s)
[1m-jev-s42] it 111/200  obj=  0.32  train n=  11 R=+0.662 pf=3.22 | val n=   0 R=+0.000 pf=0.00 | no-panel train n=  45 R=-0.074  (7s)
[1m-jev-s42] it 112/200  obj=  0.04  train n=   5 R=+0.500 pf=1.44 | val n=   0 R=+0.000 pf=0.00 | no-panel train n=  12 R=-0.004  (7s)
[1m-jev-s42] it 113/200  obj= -0.04  train n=   5 R=-0.275 pf=0.39 | val n=   1 R=+2.262 pf=99.00 | no-panel train n= 155 R=-0.265  (8s)
[1m-jev-s42] it 114/200  obj= -0.13  train n=   3 R=-0.804 pf=0.00 | val n=   0 R=+0.000 pf=0.00 | no-panel train n=   9 R=-0.394  (8s)
[1m-jev-s42] it 115/200  obj= -9.00  train n=   0 R=+0.000 pf=0.00 | val n=   0 R=+0.000 pf=0.00 | no-panel train n= 304 R=-0.894  (8s)
[1m-jev-s42] it 116/200  obj=  0.05  train n=   3 R=+0.672 pf=5.13 | val n=   0 R=+0.000 pf=0.00 | no-panel train n=  11 R=-0.014  (8s)
[1m-jev-s42] it 117/200  obj= -2.14  train n=  43 R=-0.865 pf=0.61 | val n=  13 R=-2.175 pf=0.37 | no-panel train n= 932 R=-2.064  (8s)
[1m-jev-s42] it 118/200  obj=  0.01  train n=   2 R=+0.307 pf=1.66 | val n=   0 R=+0.000 pf=0.00 | no-panel train n= 136 R=-0.288  (8s)
[1m-jev-s42] it 119/200  obj= -0.25  train n=  23 R=-0.165 pf=0.64 | val n=   2 R=-0.807 pf=0.00 | no-panel train n= 148 R=-0.451  (8s)
[1m-jev-s42] it 120/200  obj= -0.37  train n=  28 R=-0.260 pf=0.96 | val n=  10 R=-0.954 pf=0.14 | no-panel train n= 366 R=-1.071  (8s)
[1m-jev-s42] it 121/200  obj=  0.00  train n=   1 R=+1.927 pf=99.00 | val n=   0 R=+0.000 pf=0.00 | no-panel train n= 177 R=-1.246  (8s)
[1m-jev-s42] it 122/200  obj= -9.00  train n=   0 R=+0.000 pf=0.00 | val n=   0 R=+0.000 pf=0.00 | no-panel train n= 232 R=-0.571  (8s)
[1m-jev-s42] it 123/200  obj= -9.00  train n=   0 R=+0.000 pf=0.00 | val n=   0 R=+0.000 pf=0.00 | no-panel train n=  96 R=-0.505  (8s)
[1m-jev-s42] it 124/200  obj= -9.00  train n=   0 R=+0.000 pf=0.00 | val n=   0 R=+0.000 pf=0.00 | no-panel train n=  42 R=+0.100  (8s)
[1m-jev-s42] it 125/200  obj= -0.09  train n=   4 R=-1.784 pf=0.09 | val n=   7 R=-2.839 pf=0.07 | no-panel train n=1402 R=-2.567  (8s)
[1m-jev-s42] it 126/200  obj=  0.04  train n=   7 R=+0.150 pf=0.84 | val n=   1 R=-0.916 pf=0.00 | no-panel train n=  62 R=+0.054  (8s)
[1m-jev-s42] it 127/200  obj=  0.01  train n=   2 R=+0.251 pf=2.10 | val n=   0 R=+0.000 pf=0.00 | no-panel train n=  41 R=-0.349  (8s)
[1m-jev-s42] it 128/200  obj= -0.13  train n=  17 R=-0.110 pf=0.77 | val n=   3 R=-0.932 pf=0.00 | no-panel train n= 123 R=-0.309  (9s)
[1m-jev-s42] it 129/200  obj=-10.68  train n=   6 R=-1.249 pf=0.00 | val n=   0 R=+0.000 pf=0.00 | no-panel train n=   7 R=-0.843  (9s)
[1m-jev-s42] it 130/200  obj= -0.14  train n=   5 R=-0.772 pf=0.25 | val n=   0 R=+0.000 pf=0.00 | no-panel train n=  77 R=-0.339  (9s)
[1m-jev-s42] it 131/200  obj= -9.00  train n=   0 R=+0.000 pf=0.00 | val n=   0 R=+0.000 pf=0.00 | no-panel train n=   6 R=+0.104  (9s)
[1m-jev-s42] it 132/200  obj= -1.11  train n=  83 R=-0.146 pf=0.79 | val n=  17 R=-0.460 pf=0.48 | no-panel train n= 138 R=-0.344  (9s)
[1m-jev-s42] it 133/200  obj=  0.00  train n=   1 R=+0.284 pf=99.00 | val n=   0 R=+0.000 pf=0.00 | no-panel train n=   3 R=+0.103  (9s)
[1m-jev-s42] it 134/200  obj= -1.84  train n=  64 R=-0.413 pf=0.69 | val n=  25 R=-0.840 pf=0.28 | no-panel train n= 304 R=-0.643  (9s)
[1m-jev-s42] it 135/200  obj= -0.13  train n=  23 R=-0.106 pf=0.94 | val n=   9 R=-0.463 pf=0.54 | no-panel train n= 113 R=-0.377  (9s)
[1m-jev-s42] it 136/200  obj= -5.27  train n=  80 R=-0.848 pf=0.50 | val n=  37 R=-1.155 pf=0.31 | no-panel train n= 767 R=-1.254  (9s)
[1m-jev-s42] it 137/200  obj= -0.03  train n=   3 R=-0.640 pf=0.88 | val n=   1 R=+1.341 pf=99.00 | no-panel train n= 651 R=-1.895  (9s)
[1m-jev-s42] it 138/200  obj=  0.47  train n=  26 R=+0.221 pf=1.83 | val n=  12 R=-0.294 pf=0.70 | no-panel train n= 126 R=-0.186  (9s)
[1m-jev-s42] it 139/200  obj= -1.00  train n=  41 R=-0.297 pf=0.65 | val n=  10 R=-0.941 pf=0.14 | no-panel train n= 237 R=-0.461  (9s)
[1m-jev-s42] it 140/200  obj= -0.04  train n=   3 R=-0.350 pf=0.36 | val n=   0 R=+0.000 pf=0.00 | no-panel train n=1477 R=-1.045  (10s)
[1m-jev-s42] it 141/200  obj= -9.69  train n= 229 R=-0.922 pf=0.34 | val n= 102 R=-1.065 pf=0.24 | no-panel train n=1367 R=-1.288  (10s)
[1m-jev-s42] it 142/200  obj=  0.07  train n=   7 R=+0.474 pf=2.07 | val n=   3 R=-1.394 pf=0.00 | no-panel train n= 584 R=-1.279  (10s)
[1m-jev-s42] it 143/200  obj= -9.00  train n=   0 R=+0.000 pf=0.00 | val n=   0 R=+0.000 pf=0.00 | no-panel train n=   5 R=+0.319  (10s)
[1m-jev-s42] it 144/200  obj= -1.60  train n=  33 R=-0.478 pf=0.32 | val n=   9 R=-0.136 pf=0.69 | no-panel train n=  60 R=-0.077  (10s)
[1m-jev-s42] it 145/200  obj=  0.00  train n=   1 R=+1.218 pf=99.00 | val n=   0 R=+0.000 pf=0.00 | no-panel train n=   5 R=+0.304  (10s)
[1m-jev-s42] it 146/200  obj=  0.00  train n=   1 R=+2.712 pf=99.00 | val n=   0 R=+0.000 pf=0.00 | no-panel train n=  83 R=-0.408  (10s)
[1m-jev-s42] it 147/200  obj=  0.02  train n=   3 R=+0.321 pf=1.64 | val n=   0 R=+0.000 pf=0.00 | no-panel train n=   4 R=+0.588  (10s)
[1m-jev-s42] it 148/200  obj=  0.06  train n=  11 R=+0.125 pf=0.95 | val n=   1 R=-0.220 pf=0.00 | no-panel train n=  57 R=-0.263  (10s)
[1m-jev-s42] it 149/200  obj=  0.01  train n=   4 R=+0.045 pf=1.18 | val n=   0 R=+0.000 pf=0.00 | no-panel train n=   6 R=+0.011  (10s)
[1m-jev-s42] it 150/200  obj= -9.00  train n=   0 R=+0.000 pf=0.00 | val n=   0 R=+0.000 pf=0.00 | no-panel train n=   7 R=-0.244  (10s)
[1m-jev-s42] it 151/200  obj= -1.80  train n=   2 R=-1.146 pf=0.00 | val n=   0 R=+0.000 pf=0.00 | no-panel train n=   8 R=-0.570  (10s)
[1m-jev-s42] it 152/200  obj= -0.10  train n=   4 R=-0.705 pf=0.26 | val n=   0 R=+0.000 pf=0.00 | no-panel train n=   4 R=-0.705  (10s)
[1m-jev-s42] it 153/200  obj= -0.32  train n=  28 R=-0.199 pf=0.63 | val n=   3 R=-0.108 pf=1.06 | no-panel train n=  51 R=-0.326  (10s)
[1m-jev-s42] it 154/200  obj= -0.25  train n=   5 R=-0.761 pf=0.04 | val n=   0 R=+0.000 pf=0.00 | no-panel train n=  52 R=-0.235  (10s)
[1m-jev-s42] it 155/200  obj= -9.00  train n=   0 R=+0.000 pf=0.00 | val n=   0 R=+0.000 pf=0.00 | no-panel train n= 113 R=-0.074  (10s)
[1m-jev-s42] it 156/200  obj=  0.02  train n=   6 R=+0.174 pf=1.43 | val n=   3 R=-0.835 pf=0.22 | no-panel train n= 218 R=-0.540  (10s)
[1m-jev-s42] it 157/200  obj=-10.63  train n= 309 R=-1.438 pf=0.42 | val n= 154 R=-1.859 pf=0.33 | no-panel train n=2339 R=-2.297  (11s)
[1m-jev-s42] it 158/200  obj=  0.00  train n=   1 R=+2.670 pf=99.00 | val n=   0 R=+0.000 pf=0.00 | no-panel train n= 406 R=-0.797  (11s)
[1m-jev-s42] it 159/200  obj= -9.00  train n=   0 R=+0.000 pf=0.00 | val n=   0 R=+0.000 pf=0.00 | no-panel train n=   3 R=-0.136  (11s)
[1m-jev-s42] it 160/200  obj=  0.00  train n=   1 R=+3.132 pf=99.00 | val n=   0 R=+0.000 pf=0.00 | no-panel train n= 132 R=-0.297  (11s)
[1m-jev-s42] it 161/200  obj=  0.40  train n=  23 R=+0.540 pf=1.42 | val n=   4 R=-0.248 pf=0.75 | no-panel train n= 110 R=-0.264  (11s)
[1m-jev-s42] it 162/200  obj= -0.18  train n=  33 R=-0.064 pf=0.84 | val n=   8 R=-0.358 pf=0.54 | no-panel train n= 301 R=-0.514  (11s)
[1m-jev-s42] it 163/200  obj= -9.21  train n= 135 R=-1.589 pf=0.29 | val n=  49 R=-1.964 pf=0.13 | no-panel train n= 765 R=-1.424  (11s)
[1m-jev-s42] it 164/200  obj=  0.00  train n=   1 R=-1.206 pf=0.00 | val n=   0 R=+0.000 pf=0.00 | no-panel train n= 177 R=-0.654  (11s)
[1m-jev-s42] it 165/200  obj= -2.58  train n=   2 R=-1.216 pf=0.00 | val n=   0 R=+0.000 pf=0.00 | no-panel train n=  52 R=-0.056  (11s)
[1m-jev-s42] it 166/200  obj= -9.00  train n=   0 R=+0.000 pf=0.00 | val n=   0 R=+0.000 pf=0.00 | no-panel train n= 103 R=-0.148  (11s)
[1m-jev-s42] it 167/200  obj= -1.25  train n=  59 R=-0.240 pf=0.74 | val n=  13 R=-1.078 pf=0.14 | no-panel train n= 105 R=-0.324  (11s)
[1m-jev-s42] it 168/200  obj=  0.00  train n=   1 R=-1.162 pf=0.00 | val n=   0 R=+0.000 pf=0.00 | no-panel train n= 516 R=-0.876  (12s)
[1m-jev-s42] it 169/200  obj= -2.68  train n=   2 R=-1.153 pf=0.00 | val n=   0 R=+0.000 pf=0.00 | no-panel train n=  57 R=-0.188  (12s)
[1m-jev-s42] it 170/200  obj=-12.00  train n= 289 R=-1.347 pf=0.34 | val n= 103 R=-1.769 pf=0.23 | no-panel train n= 391 R=-1.340  (12s)
[1m-jev-s42] it 171/200  obj= -0.71  train n=  20 R=-0.828 pf=0.39 | val n=   4 R=-0.003 pf=2.12 | no-panel train n=  99 R=-0.917  (12s)
[1m-jev-s42] it 172/200  obj= -0.47  train n=  24 R=-0.296 pf=0.52 | val n=   2 R=+0.325 pf=1.72 | no-panel train n=  46 R=-0.131  (12s)
[1m-jev-s42] it 173/200  obj= -0.93  train n=  31 R=-0.405 pf=0.52 | val n=   4 R=-1.480 pf=0.00 | no-panel train n= 195 R=-0.664  (12s)
[1m-jev-s42] it 174/200  obj=  0.00  train n=   1 R=-0.122 pf=0.00 | val n=   1 R=+0.646 pf=99.00 | no-panel train n= 867 R=-1.320  (12s)
[1m-jev-s42] it 175/200  obj= -0.02  train n=  16 R=-0.027 pf=1.82 | val n=   5 R=+0.276 pf=1.30 | no-panel train n= 111 R=-0.652  (12s)
[1m-jev-s42] it 176/200  obj= -9.00  train n=   0 R=+0.000 pf=0.00 | val n=   0 R=+0.000 pf=0.00 | no-panel train n=   4 R=-0.313  (12s)
[1m-jev-s42] it 177/200  obj= -9.00  train n=   0 R=+0.000 pf=0.00 | val n=   0 R=+0.000 pf=0.00 | no-panel train n= 326 R=-1.152  (12s)
[1m-jev-s42] it 178/200  obj= -9.00  train n=   0 R=+0.000 pf=0.00 | val n=   0 R=+0.000 pf=0.00 | no-panel train n=  14 R=-0.382  (12s)
[1m-jev-s42] it 179/200  obj= -0.64  train n=  25 R=-0.417 pf=0.59 | val n=   7 R=-0.875 pf=0.21 | no-panel train n= 576 R=-0.905  (12s)
[1m-jev-s42] it 180/200  obj= -9.00  train n=   0 R=+0.000 pf=0.00 | val n=   0 R=+0.000 pf=0.00 | no-panel train n=   3 R=-0.444  (12s)
[1m-jev-s42] it 181/200  obj= -0.04  train n=   2 R=-0.592 pf=0.00 | val n=   0 R=+0.000 pf=0.00 | no-panel train n=  67 R=-0.236  (12s)
[1m-jev-s42] it 182/200  obj=  0.18  train n=  26 R=+0.099 pf=1.29 | val n=  13 R=-0.179 pf=0.87 | no-panel train n= 779 R=-1.056  (12s)
[1m-jev-s42] it 183/200  obj=  0.00  train n=   1 R=-1.193 pf=0.00 | val n=   0 R=+0.000 pf=0.00 | no-panel train n=   3 R=-1.160  (12s)
[1m-jev-s42] it 184/200  obj= -0.53  train n=  35 R=-0.210 pf=0.78 | val n=  11 R=-0.451 pf=0.49 | no-panel train n= 126 R=-0.253  (12s)
[1m-jev-s42] it 185/200  obj=  0.00  train n=   1 R=+0.172 pf=99.00 | val n=   1 R=+1.526 pf=99.00 | no-panel train n= 251 R=-0.670  (13s)
[1m-jev-s42] it 186/200  obj= -1.37  train n=  42 R=-0.511 pf=0.52 | val n=  16 R=+0.268 pf=1.54 | no-panel train n=1026 R=-1.400  (13s)
[1m-jev-s42] it 187/200  obj=  0.00  train n=   2 R=+0.014 pf=1.02 | val n=   0 R=+0.000 pf=0.00 | no-panel train n=   4 R=+0.296  (13s)
[1m-jev-s42] it 188/200  obj= -9.00  train n=   0 R=+0.000 pf=0.00 | val n=   0 R=+0.000 pf=0.00 | no-panel train n=  63 R=-0.103  (13s)
[1m-jev-s42] it 189/200  obj= -0.06  train n=  10 R=-0.177 pf=0.58 | val n=   4 R=-0.833 pf=0.38 | no-panel train n= 111 R=-0.465  (13s)
[1m-jev-s42] it 190/200  obj= -0.19  train n=   9 R=-0.466 pf=0.41 | val n=   2 R=+0.130 pf=1.26 | no-panel train n=  49 R=-0.271  (13s)
[1m-jev-s42] it 191/200  obj= -0.07  train n=   8 R=-0.321 pf=0.53 | val n=   1 R=+2.547 pf=99.00 | no-panel train n= 432 R=-0.668  (13s)
[1m-jev-s42] it 192/200  obj= -0.16  train n=  19 R=-0.167 pf=0.68 | val n=   5 R=-0.079 pf=0.96 | no-panel train n=  36 R=-0.360  (13s)
[1m-jev-s42] it 193/200  obj=  0.01  train n=   2 R=+0.279 pf=1.85 | val n=   0 R=+0.000 pf=0.00 | no-panel train n=   7 R=-0.288  (13s)
[1m-jev-s42] it 194/200  obj=  0.04  train n=   7 R=+0.221 pf=1.21 | val n=   2 R=+0.410 pf=3.02 | no-panel train n= 609 R=-1.010  (13s)
[1m-jev-s42] it 195/200  obj= -9.00  train n=   0 R=+0.000 pf=0.00 | val n=   0 R=+0.000 pf=0.00 | no-panel train n=  75 R=-0.259  (13s)
[1m-jev-s42] it 196/200  obj= -0.00  train n=   8 R=-0.009 pf=0.79 | val n=   2 R=+0.690 pf=99.00 | no-panel train n= 135 R=-0.224  (13s)
[1m-jev-s42] it 197/200  obj= -9.00  train n=   0 R=+0.000 pf=0.00 | val n=   0 R=+0.000 pf=0.00 | no-panel train n=  96 R=-0.234  (13s)
[1m-jev-s42] it 198/200  obj= -3.50  train n=  74 R=-0.387 pf=0.41 | val n=  18 R=-0.422 pf=0.42 | no-panel train n= 132 R=-0.170  (13s)
[1m-jev-s42] it 199/200  obj= -9.00  train n=   0 R=+0.000 pf=0.00 | val n=   0 R=+0.000 pf=0.00 | no-panel train n=2813 R=-2.427  (14s)
[1m-jev-s42] it 200/200  obj=  0.01  train n=   2 R=+0.596 pf=2.39 | val n=   0 R=+0.000 pf=0.00 | no-panel train n=1695 R=-1.355  (14s)
missing panel entries encountered: 16125
{"iter": 138, "obj": 0.4683953457675723, "train": {"n_trades": 26, "win_rate": 0.6538461538461539, "avg_r": 0.22082753418899073, "expectancy_pct": 0.06904801622249493, "profit_factor": 1.8317039012140135, "total_return_pct": 1.537561674712573, "max_drawdown_pct": -1.2445301890325637, "sharpe_trade": 0.8824423945596918, "avg_bars": 5.6923076923076925, "pct_target": 0.38461538461538464, "pct_stop": 0.2692307692307692, "trades_per_day": 1.7687074829931975, "tstat": 1.0809123363867053}, "val": {"n_trades": 12, "win_rate": 0.4166666666666667, "avg_r": -0.29433634389485114, "expectancy_pct": -0.0464830087836082, "profit_factor": 0.6964705674393848, "total_return_pct": -0.8137225037112672, "max_drawdown_pct": -1.5908688929168895, "sharpe_trade": -0.5645072023584763, "avg_bars": 4.333333333333333, "pct_target": 0.3333333333333333, "pct_stop": 0.5, "trades_per_day": 1.9047619047619049, "tstat": -0.8123615468162871}}
{"iter": 161, "obj": 0.40074365581688226, "train": {"n_trades": 23, "win_rate": 0.391304347826087, "avg_r": 0.5398297034654407, "expectancy_pct": 0.0649703405490749, "profit_factor": 1.4242391151529161, "total_return_pct": 2.7738485050192274, "max_drawdown_pct": -2.086518967458689, "sharpe_trade": 0.8042653839915882, "avg_bars": 9.91304347826087, "pct_target": 0.391304347826087, "pct_stop": 0.6086956521739131, "trades_per_day": 1.5646258503401362, "tstat": 1.0454182325657797}, "val": {"n_trades": 4, "win_rate": 0.25, "avg_r": -0.24837589852706243, "expectancy_pct": -0.03693025791410362, "profit_factor": 0.7532785999850325, "total_return_pct": -0.19113932531512612, "max_drawdown_pct": -1.4922287728381345, "sharpe_trade": -0.09782807966750566, "avg_bars": 5.25, "pct_target": 0.25, "pct_stop": 0.75, "trades_per_day": 0.6349206349206349, "tstat": -0.1975775229269212}}
{"iter": 111, "obj": 0.31864143958753594, "train": {"n_trades": 11, "win_rate": 0.7272727272727273, "avg_r": 0.6618060515899072, "expectancy_pct": 0.19500726965460596, "profit_factor": 3.2154575313746783, "total_return_pct": 3.088008797879427, "max_drawdown_pct": -0.3267583408365061, "sharpe_trade": 2.108046228543216, "avg_bars": 5.636363636363637, "pct_target": 0.6363636363636364, "pct_stop": 0.2727272727272727, "trades_per_day": 0.7482993197278912, "tstat": 1.7380442159320144}, "val": {"n_trades": 0, "win_rate": 0.0, "avg_r": 0.0, "expectancy_pct": 0.0, "profit_factor": 0.0, "total_return_pct": 0.0, "max_drawdown_pct": 0.0, "sharpe_trade": 0.0, "trades_per_day": 0.0, "avg_bars": 0.0, "tstat": 0.0}}
{"iter": 16, "obj": 0.2231789377231256, "train": {"n_trades": 12, "win_rate": 0.5833333333333334, "avg_r": 0.5660552803307716, "expectancy_pct": 0.18943630822907095, "profit_factor": 2.419928729504043, "total_return_pct": 3.0344039777745913, "max_drawdown_pct": -0.9718633713190034, "sharpe_trade": 1.2891537779430386, "avg_bars": 7.25, "pct_target": 0.4166666666666667, "pct_stop": 0.4166666666666667, "trades_per_day": 0.8163265306122449, "tstat": 1.115894688615628}, "val": {"n_trades": 5, "win_rate": 0.4, "avg_r": -0.34911068187359334, "expectancy_pct": -0.06464638620919079, "profit_factor": 0.5643007989460014, "total_return_pct": -0.6599846341141524, "max_drawdown_pct": -1.0115895636904881, "sharpe_trade": -0.48898002589105544, "avg_bars": 8.2, "pct_target": 0.2, "pct_stop": 0.6, "trades_per_day": 0.7936507936507937, "tstat": -0.4889800258910557}}
{"iter": 20, "obj": 0.2166118177691021, "train": {"n_trades": 10, "win_rate": 0.6, "avg_r": 0.6952472529743192, "expectancy_pct": 0.10284565235515294, "profit_factor": 1.7087489468152697, "total_return_pct": 2.038350411151524, "max_drawdown_pct": -0.8879386225635912, "sharpe_trade": 1.153918129259696, "avg_bars": 15.5, "pct_target": 0.6, "pct_stop": 0.4, "trades_per_day": 0.6802721088435374, "tstat": 1.2996709066146126}, "val": {"n_trades": 2, "win_rate": 0.5, "avg_r": 0.28690583349067467, "expectancy_pct": 0.053244237258956245, "profit_factor": 1.4671229402946242, "total_return_pct": 0.21127390009290092, "max_drawdown_pct": -0.5265420364379949, "sharpe_trade": 0.16966457202433055, "avg_bars": 8.0, "pct_target": 0.5, "pct_stop": 0.5, "trades_per_day": 0.31746031746031744, "tstat": 0.16966457202433063}}
