interval=5m coins=['BTC', 'ETH', 'ZEC', 'HYPE', 'NEAR', 'SOL', 'PUMP', 'XRP', 'ONDO', 'ENA'] panel=jev cache=52878
split at 2026-09-02 04:34:00+00:00  train_days=63.0 val_days=27.0
[5m-jev-s42] it   1/200  obj= -6.70  train n= 478 R=-0.622 pf=0.55 | val n= 577 R=-0.329 pf=0.81 | no-panel train n= 714 R=-0.791  (0s)
[5m-jev-s42] it   2/200  obj= -4.91  train n= 849 R=-0.266 pf=0.81 | val n=1176 R=-0.196 pf=0.81 | no-panel train n=2417 R=-0.378  (1s)
[5m-jev-s42] it   3/200  obj= -7.43  train n= 928 R=-0.382 pf=0.71 | val n=1006 R=-0.069 pf=1.02 | no-panel train n=1441 R=-0.452  (2s)
[5m-jev-s42] it   4/200  obj= -0.02  train n=   5 R=-0.265 pf=0.38 | val n=  10 R=-0.590 pf=0.26 | no-panel train n= 577 R=-0.398  (2s)
[5m-jev-s42] it   5/200  obj= -3.79  train n= 179 R=-0.295 pf=0.50 | val n= 266 R=-0.040 pf=0.95 | no-panel train n=1134 R=-0.287  (2s)
[5m-jev-s42] it   6/200  obj= -1.41  train n= 436 R=-0.071 pf=0.90 | val n= 730 R=-0.062 pf=0.94 | no-panel train n=1103 R=-0.121  (3s)
[5m-jev-s42] it   7/200  obj= -1.29  train n= 109 R=-0.115 pf=0.80 | val n= 136 R=-0.126 pf=0.72 | no-panel train n= 807 R=-0.078  (3s)
[5m-jev-s42] it   8/200  obj= -4.53  train n= 326 R=-0.320 pf=0.64 | val n= 447 R=-0.202 pf=0.80 | no-panel train n=1169 R=-0.426  (3s)
[5m-jev-s42] it   9/200  obj= -1.38  train n=  59 R=-0.261 pf=0.54 | val n= 124 R=-0.311 pf=0.69 | no-panel train n= 568 R=-0.246  (4s)
[5m-jev-s42] it  10/200  obj= -0.67  train n=  19 R=-0.547 pf=0.63 | val n=  35 R=-0.027 pf=0.75 | no-panel train n= 710 R=-0.112  (4s)
[5m-jev-s42] it  11/200  obj= -0.66  train n= 228 R=-0.051 pf=0.96 | val n= 386 R=-0.070 pf=0.90 | no-panel train n= 935 R=-0.060  (4s)
[5m-jev-s42] it  12/200  obj=  0.20  train n=  42 R=+0.055 pf=1.37 | val n=  63 R=-0.055 pf=0.97 | no-panel train n=1605 R=-0.242  (5s)
[5m-jev-s42] it  13/200  obj= -1.41  train n=  74 R=-0.236 pf=0.67 | val n= 132 R=-0.116 pf=0.83 | no-panel train n=1743 R=-0.227  (5s)
[5m-jev-s42] it  14/200  obj= -4.50  train n= 408 R=-0.273 pf=0.67 | val n= 494 R=-0.164 pf=0.80 | no-panel train n= 471 R=-0.263  (6s)
[5m-jev-s42] it  15/200  obj= -0.66  train n= 282 R=-0.066 pf=0.98 | val n= 415 R=+0.062 pf=1.10 | no-panel train n= 974 R=-0.070  (6s)
[5m-jev-s42] it  16/200  obj= -1.75  train n= 254 R=-0.161 pf=0.90 | val n= 308 R=+0.061 pf=1.15 | no-panel train n= 832 R=-0.232  (6s)
[5m-jev-s42] it  17/200  obj= -2.27  train n= 272 R=-0.265 pf=0.72 | val n= 420 R=-0.282 pf=0.78 | no-panel train n= 542 R=-0.305  (6s)
[5m-jev-s42] it  18/200  obj=  0.00  train n=  33 R=+0.001 pf=0.85 | val n=  49 R=+0.208 pf=1.45 | no-panel train n= 421 R=-0.196  (7s)
[5m-jev-s42] it  19/200  obj= -1.75  train n= 259 R=-0.200 pf=0.76 | val n= 371 R=-0.159 pf=0.86 | no-panel train n=1756 R=-0.299  (7s)
[5m-jev-s42] it  20/200  obj= -2.62  train n= 267 R=-0.237 pf=0.88 | val n= 385 R=-0.122 pf=0.94 | no-panel train n=1199 R=-0.274  (8s)
[5m-jev-s42] it  21/200  obj= -2.59  train n= 864 R=-0.109 pf=0.82 | val n=1434 R=-0.083 pf=0.87 | no-panel train n= 882 R=-0.110  (8s)
[5m-jev-s42] it  22/200  obj= -1.27  train n= 120 R=-0.190 pf=0.81 | val n= 164 R=-0.212 pf=0.78 | no-panel train n= 631 R=-0.226  (9s)
[5m-jev-s42] it  23/200  obj= -1.42  train n= 275 R=-0.125 pf=0.89 | val n= 415 R=-0.074 pf=0.95 | no-panel train n=2306 R=-0.357  (9s)
[5m-jev-s42] it  24/200  obj=  0.38  train n=  29 R=+0.197 pf=1.07 | val n=  63 R=+0.056 pf=1.01 | no-panel train n= 446 R=-0.138  (9s)
[5m-jev-s42] it  25/200  obj= -1.70  train n= 189 R=-0.135 pf=0.77 | val n= 248 R=-0.063 pf=0.98 | no-panel train n=1245 R=-0.339  (10s)
[5m-jev-s42] it  26/200  obj= -1.87  train n= 160 R=-0.222 pf=0.77 | val n= 248 R=-0.050 pf=0.97 | no-panel train n= 903 R=-0.062  (10s)
[5m-jev-s42] it  27/200  obj= -9.00  train n=   0 R=+0.000 pf=0.00 | val n=   0 R=+0.000 pf=0.00 | no-panel train n= 311 R=-0.197  (10s)
[5m-jev-s42] it  28/200  obj= -5.05  train n= 791 R=-0.200 pf=0.78 | val n=1205 R=-0.098 pf=0.93 | no-panel train n=1540 R=-0.191  (11s)
[5m-jev-s42] it  29/200  obj= -3.36  train n= 398 R=-0.160 pf=0.74 | val n= 571 R=-0.079 pf=0.87 | no-panel train n= 997 R=-0.183  (11s)
[5m-jev-s42] it  30/200  obj= -5.85  train n= 935 R=-0.294 pf=0.82 | val n=1129 R=-0.198 pf=0.81 | no-panel train n=1781 R=-0.343  (12s)
[5m-jev-s42] it  31/200  obj= -2.13  train n= 202 R=-0.188 pf=0.79 | val n= 319 R=+0.007 pf=1.06 | no-panel train n= 713 R=-0.161  (12s)
[5m-jev-s42] it  32/200  obj= -0.10  train n=   6 R=-0.633 pf=0.77 | val n=   2 R=-1.264 pf=0.00 | no-panel train n= 770 R=-0.420  (12s)
[5m-jev-s42] it  33/200  obj=  0.62  train n=  68 R=+0.101 pf=1.23 | val n= 141 R=-0.176 pf=0.82 | no-panel train n= 128 R=-0.082  (12s)
[5m-jev-s42] it  34/200  obj= -9.00  train n=   0 R=+0.000 pf=0.00 | val n=   0 R=+0.000 pf=0.00 | no-panel train n= 795 R=-0.490  (13s)
[5m-jev-s42] it  35/200  obj= -2.96  train n= 115 R=-0.362 pf=0.66 | val n= 153 R=+0.026 pf=1.07 | no-panel train n= 980 R=-0.399  (13s)
[5m-jev-s42] it  36/200  obj=  0.37  train n=  96 R=+0.063 pf=1.06 | val n= 183 R=-0.073 pf=0.95 | no-panel train n= 779 R=-0.138  (14s)
[5m-jev-s42] it  37/200  obj=  0.13  train n=  50 R=+0.031 pf=1.19 | val n=  66 R=+0.046 pf=1.16 | no-panel train n=2061 R=-0.397  (14s)
[5m-jev-s42] it  38/200  obj= -1.90  train n= 314 R=-0.137 pf=0.88 | val n= 478 R=-0.196 pf=0.80 | no-panel train n=3606 R=-0.451  (15s)
[5m-jev-s42] it  39/200  obj=  0.07  train n= 148 R=+0.010 pf=1.14 | val n= 198 R=-0.019 pf=0.89 | no-panel train n= 501 R=-0.134  (15s)
[5m-jev-s42] it  40/200  obj= -1.33  train n=  81 R=-0.179 pf=0.80 | val n=  91 R=-0.084 pf=0.86 | no-panel train n=1075 R=-0.389  (15s)
[5m-jev-s42] it  41/200  obj= -1.18  train n=  35 R=-0.414 pf=0.51 | val n=  64 R=-0.275 pf=0.64 | no-panel train n= 531 R=-0.190  (16s)
[5m-jev-s42] it  42/200  obj=  0.42  train n= 271 R=+0.028 pf=1.10 | val n= 425 R=-0.082 pf=0.88 | no-panel train n=1460 R=-0.107  (16s)
[5m-jev-s42] it  43/200  obj= -2.30  train n= 342 R=-0.182 pf=0.78 | val n= 537 R=-0.124 pf=0.84 | no-panel train n= 480 R=-0.194  (16s)
[5m-jev-s42] it  44/200  obj= -0.93  train n=  92 R=-0.144 pf=0.93 | val n= 162 R=+0.166 pf=1.30 | no-panel train n= 312 R=-0.037  (16s)
[5m-jev-s42] it  45/200  obj= -4.30  train n= 375 R=-0.255 pf=0.67 | val n= 537 R=-0.209 pf=0.72 | no-panel train n=4943 R=-0.500  (18s)
[5m-jev-s42] it  46/200  obj= -1.84  train n= 576 R=-0.083 pf=0.84 | val n= 967 R=-0.071 pf=0.90 | no-panel train n= 980 R=-0.118  (18s)
[5m-jev-s42] it  47/200  obj= -2.83  train n= 163 R=-0.410 pf=0.70 | val n= 264 R=-0.207 pf=0.86 | no-panel train n= 505 R=-0.481  (18s)
[5m-jev-s42] it  48/200  obj= -1.08  train n=  73 R=-0.133 pf=0.82 | val n= 113 R=+0.025 pf=1.22 | no-panel train n=2339 R=-0.241  (19s)
[5m-jev-s42] it  49/200  obj= -1.55  train n= 159 R=-0.155 pf=0.71 | val n= 240 R=-0.228 pf=0.70 | no-panel train n= 879 R=-0.282  (19s)
[5m-jev-s42] it  50/200  obj=  0.01  train n= 110 R=+0.001 pf=0.93 | val n= 199 R=-0.214 pf=0.68 | no-panel train n=1094 R=-0.124  (20s)
[5m-jev-s42] it  51/200  obj=  0.01  train n=   8 R=+0.021 pf=0.92 | val n=  19 R=+0.504 pf=1.56 | no-panel train n= 601 R=-0.309  (20s)
[5m-jev-s42] it  52/200  obj= -4.35  train n= 567 R=-0.279 pf=0.76 | val n= 734 R=-0.105 pf=0.93 | no-panel train n=1390 R=-0.320  (20s)
[5m-jev-s42] it  53/200  obj= -0.88  train n=  45 R=-0.226 pf=0.82 | val n=  69 R=-0.178 pf=0.79 | no-panel train n= 633 R=-0.324  (21s)
[5m-jev-s42] it  54/200  obj= -0.15  train n= 103 R=-0.019 pf=1.12 | val n= 160 R=-0.047 pf=0.80 | no-panel train n= 724 R=-0.425  (21s)
[5m-jev-s42] it  55/200  obj=  0.10  train n=   5 R=+1.006 pf=3.07 | val n=   4 R=+0.664 pf=2.38 | no-panel train n= 160 R=-0.222  (21s)
[5m-jev-s42] it  56/200  obj=  0.11  train n=  43 R=+0.033 pf=1.16 | val n=  61 R=+0.041 pf=1.11 | no-panel train n=1389 R=-0.222  (22s)
[5m-jev-s42] it  57/200  obj=  0.01  train n=   5 R=+0.043 pf=1.42 | val n=   6 R=-0.598 pf=0.29 | no-panel train n= 444 R=-0.127  (22s)
[5m-jev-s42] it  58/200  obj= -4.82  train n= 902 R=-0.278 pf=0.84 | val n=1217 R=-0.125 pf=0.89 | no-panel train n=1589 R=-0.289  (22s)
[5m-jev-s42] it  59/200  obj= -1.68  train n= 186 R=-0.167 pf=0.83 | val n= 273 R=-0.113 pf=0.84 | no-panel train n=1123 R=-0.124  (23s)
[5m-jev-s42] it  60/200  obj= -3.93  train n= 717 R=-0.162 pf=0.74 | val n=1136 R=-0.125 pf=0.81 | no-panel train n=1059 R=-0.155  (23s)
[5m-jev-s42] it  61/200  obj= -1.21  train n=  37 R=-0.366 pf=0.45 | val n=  60 R=+0.267 pf=1.60 | no-panel train n= 562 R=-0.259  (23s)
[5m-jev-s42] it  62/200  obj=  0.23  train n= 114 R=+0.023 pf=1.29 | val n= 212 R=-0.131 pf=0.66 | no-panel train n=1432 R=-0.167  (24s)
[5m-jev-s42] it  63/200  obj= -3.03  train n= 213 R=-0.232 pf=0.69 | val n= 361 R=-0.193 pf=0.77 | no-panel train n= 711 R=-0.128  (24s)
[5m-jev-s42] it  64/200  obj= -2.30  train n= 118 R=-0.262 pf=0.68 | val n= 173 R=-0.209 pf=0.80 | no-panel train n=2113 R=-0.433  (25s)
[5m-jev-s42] it  65/200  obj= -5.80  train n= 380 R=-0.436 pf=0.53 | val n= 543 R=-0.264 pf=0.73 | no-panel train n=1534 R=-0.405  (25s)
[5m-jev-s42] it  66/200  obj= -1.33  train n=   3 R=-1.107 pf=0.00 | val n=   4 R=+0.082 pf=1.00 | no-panel train n= 236 R=-0.125  (25s)
[5m-jev-s42] it  67/200  obj= -2.12  train n= 397 R=-0.126 pf=0.88 | val n= 614 R=-0.084 pf=0.86 | no-panel train n=3260 R=-0.540  (26s)
[5m-jev-s42] it  68/200  obj= -3.56  train n= 466 R=-0.186 pf=0.82 | val n= 658 R=-0.117 pf=0.84 | no-panel train n=1331 R=-0.302  (26s)
[5m-jev-s42] it  69/200  obj= -0.62  train n=  20 R=-0.404 pf=0.34 | val n=  32 R=-0.169 pf=0.75 | no-panel train n= 463 R=-0.114  (27s)
[5m-jev-s42] it  70/200  obj= -3.35  train n= 332 R=-0.214 pf=0.79 | val n= 547 R=-0.162 pf=0.78 | no-panel train n= 654 R=-0.169  (27s)
[5m-jev-s42] it  71/200  obj= -4.39  train n= 554 R=-0.197 pf=0.70 | val n= 879 R=-0.040 pf=0.99 | no-panel train n=5214 R=-0.419  (28s)
[5m-jev-s42] it  72/200  obj=  0.00  train n=   0 R=+0.000 pf=0.00 | val n=   1 R=+1.187 pf=99.00 | no-panel train n= 639 R=-0.428  (28s)
[5m-jev-s42] it  73/200  obj= -1.76  train n= 115 R=-0.243 pf=0.69 | val n= 204 R=-0.272 pf=0.65 | no-panel train n= 540 R=-0.044  (28s)
[5m-jev-s42] it  74/200  obj= -1.27  train n=  26 R=-0.517 pf=0.38 | val n=  23 R=+0.162 pf=1.17 | no-panel train n= 497 R=-0.283  (29s)
[5m-jev-s42] it  75/200  obj= -3.49  train n= 645 R=-0.138 pf=0.76 | val n=1054 R=-0.062 pf=0.87 | no-panel train n=1151 R=-0.092  (29s)
[5m-jev-s42] it  76/200  obj= -0.40  train n=  12 R=-0.564 pf=0.55 | val n=  16 R=-0.023 pf=1.10 | no-panel train n=3030 R=-0.363  (30s)
[5m-jev-s42] it  77/200  obj= -2.66  train n=  89 R=-0.364 pf=0.55 | val n= 114 R=-0.241 pf=0.84 | no-panel train n= 572 R=-0.700  (30s)
[5m-jev-s42] it  78/200  obj=  0.46  train n=  67 R=+0.051 pf=1.12 | val n= 121 R=-0.044 pf=0.91 | no-panel train n= 804 R=-0.097  (31s)
[5m-jev-s42] it  79/200  obj= -0.35  train n=  35 R=-0.147 pf=0.84 | val n=  53 R=+0.203 pf=1.20 | no-panel train n= 184 R=-0.425  (31s)
[5m-jev-s42] it  80/200  obj= -2.64  train n=  85 R=-0.375 pf=0.53 | val n= 138 R=-0.130 pf=0.82 | no-panel train n=1209 R=-0.130  (31s)
[5m-jev-s42] it  81/200  obj= -1.59  train n= 506 R=-0.078 pf=0.90 | val n= 895 R=-0.174 pf=0.68 | no-panel train n= 594 R=-0.064  (31s)
[5m-jev-s42] it  82/200  obj= -0.68  train n= 162 R=-0.094 pf=0.93 | val n= 270 R=-0.066 pf=1.03 | no-panel train n=1662 R=-0.191  (32s)
[5m-jev-s42] it  83/200  obj= -1.97  train n= 398 R=-0.126 pf=0.87 | val n= 684 R=-0.170 pf=0.78 | no-panel train n= 676 R=-0.121  (32s)
[5m-jev-s42] it  84/200  obj= -1.60  train n= 259 R=-0.130 pf=0.87 | val n= 462 R=-0.080 pf=0.94 | no-panel train n=1447 R=-0.184  (33s)
[5m-jev-s42] it  85/200  obj= -2.41  train n= 122 R=-0.273 pf=0.69 | val n= 227 R=-0.291 pf=0.61 | no-panel train n=2336 R=-0.530  (33s)
[5m-jev-s42] it  86/200  obj= -8.86  train n=2479 R=-0.279 pf=0.75 | val n=3643 R=-0.301 pf=0.68 | no-panel train n=2598 R=-0.290  (34s)
[5m-jev-s42] it  87/200  obj= -0.64  train n= 349 R=-0.044 pf=0.99 | val n= 582 R=-0.137 pf=0.80 | no-panel train n= 752 R=-0.080  (35s)
[5m-jev-s42] it  88/200  obj= -6.81  train n= 638 R=-0.375 pf=0.75 | val n= 728 R=-0.149 pf=0.91 | no-panel train n=1196 R=-0.500  (35s)
[5m-jev-s42] it  89/200  obj=  0.12  train n=   9 R=+0.378 pf=1.97 | val n=  20 R=-0.508 pf=0.36 | no-panel train n= 149 R=-0.229  (35s)
[5m-jev-s42] it  90/200  obj= -1.32  train n=  85 R=-0.187 pf=0.74 | val n= 154 R=-0.230 pf=0.74 | no-panel train n= 105 R=-0.257  (36s)
[5m-jev-s42] it  91/200  obj= -6.21  train n= 903 R=-0.241 pf=0.65 | val n=1221 R=-0.117 pf=0.89 | no-panel train n=2616 R=-0.267  (36s)
[5m-jev-s42] it  92/200  obj=  0.02  train n=   4 R=+0.274 pf=2.60 | val n=   2 R=+0.279 pf=10.53 | no-panel train n= 568 R=-0.454  (36s)
[5m-jev-s42] it  93/200  obj=  0.00  train n=   1 R=-1.074 pf=0.00 | val n=   6 R=+0.397 pf=2.09 | no-panel train n= 520 R=-0.212  (37s)
[5m-jev-s42] it  94/200  obj=  0.02  train n=  10 R=+0.070 pf=0.80 | val n=  19 R=+0.106 pf=0.97 | no-panel train n= 458 R=-0.470  (37s)
[5m-jev-s42] it  95/200  obj= -2.04  train n=  85 R=-0.249 pf=0.80 | val n= 130 R=+0.097 pf=1.19 | no-panel train n=1064 R=-0.360  (37s)
[5m-jev-s42] it  96/200  obj= -4.14  train n= 787 R=-0.206 pf=0.80 | val n=1240 R=-0.075 pf=0.93 | no-panel train n=1039 R=-0.169  (38s)
[5m-jev-s42] it  97/200  obj= -0.42  train n=  13 R=-0.572 pf=0.31 | val n=  28 R=-0.401 pf=0.45 | no-panel train n=2774 R=-0.259  (39s)
[5m-jev-s42] it  98/200  obj= -6.83  train n= 682 R=-0.328 pf=0.65 | val n=1040 R=-0.250 pf=0.73 | no-panel train n=1138 R=-0.379  (39s)
[5m-jev-s42] it  99/200  obj= -1.79  train n= 678 R=-0.097 pf=0.90 | val n= 903 R=-0.089 pf=0.94 | no-panel train n=1264 R=-0.270  (40s)
[5m-jev-s42] it 100/200  obj=  0.34  train n=  10 R=+1.014 pf=4.88 | val n=  20 R=-0.215 pf=0.41 | no-panel train n= 779 R=-0.270  (40s)
[5m-jev-s42] it 101/200  obj= -0.90  train n= 466 R=-0.072 pf=0.97 | val n= 727 R=-0.143 pf=0.88 | no-panel train n=1347 R=-0.177  (40s)
[5m-jev-s42] it 102/200  obj= -4.87  train n= 284 R=-0.390 pf=0.54 | val n= 473 R=-0.198 pf=0.79 | no-panel train n= 890 R=-0.375  (41s)
[5m-jev-s42] it 103/200  obj= -0.34  train n=  33 R=-0.134 pf=0.80 | val n=  51 R=-0.012 pf=0.97 | no-panel train n= 312 R=-0.106  (41s)
[5m-jev-s42] it 104/200  obj= -9.73  train n=1736 R=-0.365 pf=0.68 | val n=2461 R=-0.233 pf=0.83 | no-panel train n=3423 R=-0.393  (42s)
[5m-jev-s42] it 105/200  obj= -8.45  train n= 881 R=-0.329 pf=0.67 | val n=1032 R=-0.272 pf=0.71 | no-panel train n=1187 R=-0.374  (42s)
[5m-jev-s42] it 106/200  obj= -3.11  train n=  83 R=-0.372 pf=0.46 | val n= 123 R=-0.130 pf=0.86 | no-panel train n= 426 R=-0.211  (43s)
[5m-jev-s42] it 107/200  obj= -1.80  train n= 625 R=-0.108 pf=0.89 | val n= 988 R=-0.102 pf=0.91 | no-panel train n=1711 R=-0.162  (43s)
[5m-jev-s42] it 108/200  obj= -3.28  train n= 472 R=-0.204 pf=0.74 | val n= 914 R=-0.148 pf=0.82 | no-panel train n= 488 R=-0.187  (44s)
[5m-jev-s42] it 109/200  obj= -0.51  train n=  79 R=-0.068 pf=0.86 | val n= 151 R=-0.084 pf=0.86 | no-panel train n=2397 R=-0.292  (44s)
[5m-jev-s42] it 110/200  obj= -5.24  train n= 319 R=-0.305 pf=0.60 | val n= 465 R=-0.018 pf=1.03 | no-panel train n=1667 R=-0.388  (45s)
[5m-jev-s42] it 111/200  obj= -1.48  train n= 217 R=-0.128 pf=0.78 | val n= 307 R=-0.101 pf=0.89 | no-panel train n= 637 R=-0.208  (45s)
[5m-jev-s42] it 112/200  obj= -3.53  train n= 366 R=-0.250 pf=0.73 | val n= 601 R=-0.104 pf=0.91 | no-panel train n= 768 R=-0.227  (45s)
[5m-jev-s42] it 113/200  obj= -2.59  train n= 423 R=-0.163 pf=0.81 | val n= 648 R=-0.202 pf=0.72 | no-panel train n=2908 R=-0.203  (46s)
[5m-jev-s42] it 114/200  obj= -1.22  train n= 394 R=-0.076 pf=0.90 | val n= 604 R=-0.038 pf=0.96 | no-panel train n= 828 R=-0.068  (46s)
[5m-jev-s42] it 115/200  obj=  0.10  train n=  24 R=+0.084 pf=1.23 | val n=  35 R=-0.273 pf=0.66 | no-panel train n=1530 R=-0.489  (47s)
[5m-jev-s42] it 116/200  obj=  0.18  train n= 121 R=+0.018 pf=1.01 | val n= 165 R=-0.047 pf=0.95 | no-panel train n= 672 R=-0.222  (47s)
[5m-jev-s42] it 117/200  obj= -4.29  train n= 586 R=-0.330 pf=0.78 | val n= 750 R=-0.108 pf=0.93 | no-panel train n=1540 R=-0.601  (48s)
[5m-jev-s42] it 118/200  obj= -1.14  train n=  35 R=-0.452 pf=0.44 | val n=  53 R=-0.226 pf=0.62 | no-panel train n= 884 R=-0.263  (48s)
[5m-jev-s42] it 119/200  obj= -5.15  train n= 586 R=-0.316 pf=0.70 | val n= 774 R=-0.186 pf=0.81 | no-panel train n=1649 R=-0.420  (49s)
[5m-jev-s42] it 120/200  obj= -1.60  train n= 192 R=-0.181 pf=0.95 | val n= 273 R=-0.006 pf=1.02 | no-panel train n= 657 R=-0.427  (49s)
[5m-jev-s42] it 121/200  obj=  0.00  train n=   1 R=+3.048 pf=99.00 | val n=   0 R=+0.000 pf=0.00 | no-panel train n= 301 R=-0.402  (49s)
[5m-jev-s42] it 122/200  obj=  0.30  train n=  29 R=+0.157 pf=1.16 | val n=  37 R=-0.047 pf=0.88 | no-panel train n=1107 R=-0.291  (49s)
[5m-jev-s42] it 123/200  obj=  0.01  train n=   2 R=+0.387 pf=0.70 | val n=   2 R=+0.416 pf=1.02 | no-panel train n= 375 R=-0.311  (50s)
[5m-jev-s42] it 124/200  obj=  0.00  train n=   1 R=-1.116 pf=0.00 | val n=   1 R=-1.287 pf=0.00 | no-panel train n= 508 R=-0.264  (50s)
[5m-jev-s42] it 125/200  obj= -1.62  train n=  96 R=-0.292 pf=0.58 | val n= 116 R=-0.175 pf=0.80 | no-panel train n=2220 R=-0.724  (50s)
[5m-jev-s42] it 126/200  obj=  0.63  train n= 146 R=+0.070 pf=1.20 | val n= 188 R=+0.095 pf=1.10 | no-panel train n= 628 R=-0.175  (51s)
[5m-jev-s42] it 127/200  obj= -1.31  train n=  86 R=-0.148 pf=0.79 | val n= 168 R=-0.051 pf=1.00 | no-panel train n= 467 R=-0.284  (51s)
[5m-jev-s42] it 128/200  obj= -3.80  train n= 271 R=-0.212 pf=0.57 | val n= 357 R=-0.068 pf=0.86 | no-panel train n=1572 R=-0.286  (51s)
[5m-jev-s42] it 129/200  obj= -2.96  train n= 253 R=-0.247 pf=0.74 | val n= 491 R=-0.107 pf=0.90 | no-panel train n= 388 R=-0.275  (52s)
[5m-jev-s42] it 130/200  obj= -4.74  train n= 372 R=-0.272 pf=0.59 | val n= 582 R=-0.090 pf=0.84 | no-panel train n=2777 R=-0.248  (52s)
[5m-jev-s42] it 131/200  obj= -0.03  train n=   6 R=-0.131 pf=1.11 | val n=   4 R=-0.447 pf=0.75 | no-panel train n= 295 R=-0.208  (53s)
[5m-jev-s42] it 132/200  obj= -8.38  train n=1903 R=-0.214 pf=0.74 | val n=2556 R=-0.172 pf=0.79 | no-panel train n=2243 R=-0.197  (53s)
[5m-jev-s42] it 133/200  obj= -1.74  train n= 145 R=-0.156 pf=0.85 | val n= 227 R=-0.071 pf=0.90 | no-panel train n= 229 R=-0.064  (54s)
[5m-jev-s42] it 134/200  obj= -6.03  train n=1396 R=-0.276 pf=0.82 | val n=1865 R=-0.195 pf=0.88 | no-panel train n=2631 R=-0.365  (55s)
[5m-jev-s42] it 135/200  obj= -3.89  train n= 649 R=-0.226 pf=0.76 | val n= 927 R=-0.096 pf=0.94 | no-panel train n=2122 R=-0.304  (55s)
[5m-jev-s42] it 136/200  obj= -5.34  train n= 617 R=-0.300 pf=0.74 | val n= 922 R=-0.129 pf=0.86 | no-panel train n=1578 R=-0.424  (56s)
[5m-jev-s42] it 137/200  obj= -1.91  train n=  88 R=-0.291 pf=0.60 | val n= 130 R=+0.109 pf=1.37 | no-panel train n=1215 R=-0.564  (56s)
[5m-jev-s42] it 138/200  obj= -5.72  train n=1038 R=-0.197 pf=0.75 | val n=1382 R=-0.104 pf=0.89 | no-panel train n=1924 R=-0.282  (56s)
[5m-jev-s42] it 139/200  obj= -5.12  train n= 595 R=-0.260 pf=0.71 | val n= 802 R=-0.113 pf=0.88 | no-panel train n=1445 R=-0.303  (57s)
[5m-jev-s42] it 140/200  obj= -1.24  train n= 342 R=-0.071 pf=0.96 | val n= 513 R=-0.064 pf=0.90 | no-panel train n=3288 R=-0.326  (58s)
[5m-jev-s42] it 141/200  obj=-10.90  train n=1848 R=-0.285 pf=0.73 | val n=2429 R=-0.207 pf=0.79 | no-panel train n=3144 R=-0.417  (59s)
[5m-jev-s42] it 142/200  obj= -0.97  train n= 127 R=-0.142 pf=0.91 | val n= 174 R=-0.181 pf=0.78 | no-panel train n=1241 R=-0.437  (59s)
[5m-jev-s42] it 143/200  obj= -0.02  train n=   3 R=-0.294 pf=0.41 | val n=   5 R=-0.143 pf=0.65 | no-panel train n= 158 R=-0.175  (59s)
[5m-jev-s42] it 144/200  obj= -1.86  train n= 301 R=-0.134 pf=0.84 | val n= 476 R=-0.160 pf=0.80 | no-panel train n= 393 R=-0.179  (60s)
[5m-jev-s42] it 145/200  obj= -3.51  train n= 407 R=-0.213 pf=0.67 | val n= 640 R=-0.076 pf=0.93 | no-panel train n=1081 R=-0.122  (60s)
[5m-jev-s42] it 146/200  obj= -1.35  train n=  18 R=-0.967 pf=0.09 | val n=  39 R=-0.010 pf=0.90 | no-panel train n= 230 R=-0.766  (60s)
[5m-jev-s42] it 147/200  obj= -1.16  train n= 328 R=-0.071 pf=0.93 | val n= 569 R=-0.058 pf=0.91 | no-panel train n= 647 R=-0.102  (61s)
[5m-jev-s42] it 148/200  obj= -2.34  train n= 162 R=-0.235 pf=0.73 | val n= 256 R=-0.080 pf=0.91 | no-panel train n= 531 R=-0.285  (61s)
[5m-jev-s42] it 149/200  obj= -2.38  train n= 468 R=-0.111 pf=0.78 | val n= 914 R=-0.124 pf=0.81 | no-panel train n= 681 R=-0.118  (61s)
[5m-jev-s42] it 150/200  obj= -0.12  train n=  10 R=-0.278 pf=0.58 | val n=  24 R=-0.044 pf=0.84 | no-panel train n= 303 R=-0.227  (61s)
[5m-jev-s42] it 151/200  obj= -0.84  train n= 168 R=-0.077 pf=0.87 | val n= 312 R=-0.204 pf=0.71 | no-panel train n= 380 R=-0.093  (62s)
[5m-jev-s42] it 152/200  obj=  0.12  train n= 112 R=+0.020 pf=1.00 | val n= 229 R=-0.065 pf=0.87 | no-panel train n= 138 R=-0.017  (62s)
[5m-jev-s42] it 153/200  obj= -3.03  train n= 332 R=-0.248 pf=0.78 | val n= 541 R=-0.126 pf=0.91 | no-panel train n= 537 R=-0.253  (62s)
[5m-jev-s42] it 154/200  obj= -0.77  train n= 125 R=-0.064 pf=0.90 | val n= 199 R=-0.074 pf=0.84 | no-panel train n=1306 R=-0.172  (62s)
[5m-jev-s42] it 155/200  obj= -0.22  train n=   9 R=-0.466 pf=0.37 | val n=  15 R=-0.280 pf=0.65 | no-panel train n=2587 R=-0.168  (63s)
[5m-jev-s42] it 156/200  obj= -2.49  train n=  58 R=-0.389 pf=0.59 | val n=  77 R=+0.038 pf=1.26 | no-panel train n= 848 R=-0.410  (64s)
[5m-jev-s42] it 157/200  obj=-10.34  train n=1745 R=-0.418 pf=0.74 | val n=2145 R=-0.232 pf=0.84 | no-panel train n=3944 R=-0.634  (65s)
[5m-jev-s42] it 158/200  obj=  0.20  train n=  17 R=+0.317 pf=2.18 | val n=  31 R=-0.259 pf=0.57 | no-panel train n=2718 R=-0.452  (65s)
[5m-jev-s42] it 159/200  obj=  0.52  train n=  53 R=+0.131 pf=1.41 | val n=  69 R=-0.049 pf=0.92 | no-panel train n= 397 R=-0.169  (66s)
[5m-jev-s42] it 160/200  obj=  0.27  train n=  16 R=+0.521 pf=1.87 | val n=  27 R=-0.217 pf=0.65 | no-panel train n=1872 R=-0.332  (66s)
[5m-jev-s42] it 161/200  obj= -4.19  train n=1007 R=-0.257 pf=0.81 | val n=1390 R=-0.190 pf=0.86 | no-panel train n=2192 R=-0.360  (67s)
[5m-jev-s42] it 162/200  obj= -5.10  train n= 793 R=-0.202 pf=0.70 | val n=1123 R=-0.179 pf=0.77 | no-panel train n=2058 R=-0.247  (68s)
[5m-jev-s42] it 163/200  obj= -5.38  train n= 696 R=-0.239 pf=0.81 | val n= 949 R=-0.257 pf=0.70 | no-panel train n=1333 R=-0.364  (68s)
[5m-jev-s42] it 164/200  obj= -0.05  train n=  23 R=-0.033 pf=1.11 | val n=  61 R=-0.356 pf=0.59 | no-panel train n= 672 R=-0.357  (68s)
[5m-jev-s42] it 165/200  obj= -0.52  train n=  46 R=-0.149 pf=0.85 | val n=  78 R=-0.308 pf=0.55 | no-panel train n= 928 R=-0.245  (69s)
[5m-jev-s42] it 166/200  obj=  0.00  train n=   1 R=-1.175 pf=0.00 | val n=   0 R=+0.000 pf=0.00 | no-panel train n= 993 R=-0.205  (69s)
[5m-jev-s42] it 167/200  obj= -6.18  train n= 900 R=-0.314 pf=0.78 | val n=1181 R=-0.198 pf=0.83 | no-panel train n=1458 R=-0.296  (70s)
[5m-jev-s42] it 168/200  obj= -1.34  train n=  50 R=-0.225 pf=0.65 | val n=  81 R=-0.085 pf=0.80 | no-panel train n= 959 R=-0.334  (70s)
[5m-jev-s42] it 169/200  obj= -1.77  train n= 103 R=-0.239 pf=0.72 | val n= 136 R=-0.114 pf=0.89 | no-panel train n=1764 R=-0.196  (71s)
[5m-jev-s42] it 170/200  obj= -8.00  train n= 609 R=-0.489 pf=0.69 | val n= 734 R=-0.196 pf=0.91 | no-panel train n= 726 R=-0.518  (71s)
[5m-jev-s42] it 171/200  obj= -6.30  train n= 313 R=-0.650 pf=0.38 | val n= 455 R=-0.088 pf=0.92 | no-panel train n= 789 R=-0.594  (71s)
[5m-jev-s42] it 172/200  obj= -5.49  train n= 473 R=-0.301 pf=0.70 | val n= 653 R=-0.003 pf=0.98 | no-panel train n= 909 R=-0.249  (72s)
[5m-jev-s42] it 173/200  obj= -4.78  train n= 364 R=-0.305 pf=0.64 | val n= 456 R=-0.150 pf=0.87 | no-panel train n= 952 R=-0.394  (72s)
[5m-jev-s42] it 174/200  obj= -0.89  train n=  55 R=-0.122 pf=0.76 | val n=  65 R=-0.332 pf=0.46 | no-panel train n=1580 R=-0.434  (72s)
[5m-jev-s42] it 175/200  obj= -3.97  train n= 202 R=-0.399 pf=0.58 | val n= 245 R=-0.057 pf=0.98 | no-panel train n= 506 R=-0.353  (73s)
[5m-jev-s42] it 176/200  obj=  0.71  train n=  82 R=+0.135 pf=1.06 | val n= 144 R=-0.282 pf=0.75 | no-panel train n= 524 R=-0.226  (73s)
[5m-jev-s42] it 177/200  obj=  0.09  train n=  20 R=+0.091 pf=0.99 | val n=  25 R=+0.067 pf=0.84 | no-panel train n= 649 R=-0.416  (73s)
[5m-jev-s42] it 178/200  obj= -0.10  train n=  15 R=-0.180 pf=0.69 | val n=  16 R=-0.494 pf=0.54 | no-panel train n= 549 R=-0.281  (73s)
[5m-jev-s42] it 179/200  obj= -2.74  train n= 280 R=-0.207 pf=0.70 | val n= 414 R=-0.167 pf=0.83 | no-panel train n=1167 R=-0.307  (74s)
[5m-jev-s42] it 180/200  obj= -3.69  train n=  62 R=-0.494 pf=0.44 | val n=  74 R=-0.014 pf=0.92 | no-panel train n= 374 R=-0.160  (74s)
[5m-jev-s42] it 181/200  obj= -0.59  train n= 314 R=-0.035 pf=0.97 | val n= 516 R=-0.068 pf=0.87 | no-panel train n=1488 R=-0.132  (74s)
[5m-jev-s42] it 182/200  obj= -4.43  train n= 713 R=-0.194 pf=0.73 | val n= 971 R=-0.075 pf=0.94 | no-panel train n=1596 R=-0.376  (75s)
[5m-jev-s42] it 183/200  obj=  0.36  train n= 166 R=+0.038 pf=1.24 | val n= 264 R=-0.070 pf=0.93 | no-panel train n= 499 R=-0.002  (75s)
[5m-jev-s42] it 184/200  obj= -6.89  train n= 569 R=-0.352 pf=0.64 | val n= 739 R=-0.066 pf=0.97 | no-panel train n=1556 R=-0.274  (76s)
[5m-jev-s42] it 185/200  obj= -0.63  train n= 114 R=-0.073 pf=0.78 | val n= 183 R=-0.247 pf=0.60 | no-panel train n=1856 R=-0.361  (76s)
[5m-jev-s42] it 186/200  obj= -6.17  train n= 921 R=-0.310 pf=0.74 | val n=1158 R=-0.154 pf=0.88 | no-panel train n=2278 R=-0.467  (77s)
[5m-jev-s42] it 187/200  obj= -1.82  train n=  40 R=-0.456 pf=0.33 | val n=  93 R=+0.029 pf=1.03 | no-panel train n= 106 R=-0.127  (77s)
[5m-jev-s42] it 188/200  obj= -0.58  train n=   9 R=-0.884 pf=0.16 | val n=   7 R=+0.330 pf=1.82 | no-panel train n= 767 R=-0.222  (77s)
[5m-jev-s42] it 189/200  obj= -1.02  train n= 191 R=-0.121 pf=0.91 | val n= 300 R=-0.191 pf=0.81 | no-panel train n=1147 R=-0.366  (78s)
[5m-jev-s42] it 190/200  obj= -1.53  train n= 355 R=-0.098 pf=0.89 | val n= 598 R=-0.081 pf=0.89 | no-panel train n= 946 R=-0.126  (78s)
[5m-jev-s42] it 191/200  obj= -2.93  train n= 440 R=-0.232 pf=0.80 | val n= 681 R=-0.212 pf=0.80 | no-panel train n=3853 R=-0.414  (79s)
[5m-jev-s42] it 192/200  obj= -4.78  train n= 304 R=-0.363 pf=0.61 | val n= 439 R=-0.007 pf=1.02 | no-panel train n= 468 R=-0.304  (79s)
[5m-jev-s42] it 193/200  obj= -0.46  train n= 160 R=-0.062 pf=1.06 | val n= 270 R=-0.111 pf=0.89 | no-panel train n= 562 R=-0.122  (80s)
[5m-jev-s42] it 194/200  obj= -1.03  train n= 170 R=-0.115 pf=0.88 | val n= 216 R=+0.064 pf=1.25 | no-panel train n=1092 R=-0.320  (80s)
[5m-jev-s42] it 195/200  obj= -2.33  train n= 146 R=-0.207 pf=0.66 | val n= 234 R=-0.021 pf=1.00 | no-panel train n=2604 R=-0.201  (81s)
[5m-jev-s42] it 196/200  obj= -4.02  train n= 266 R=-0.237 pf=0.60 | val n= 384 R=-0.064 pf=0.95 | no-panel train n=1689 R=-0.223  (81s)
[5m-jev-s42] it 197/200  obj= -0.13  train n=  10 R=-0.397 pf=0.60 | val n=  13 R=+0.288 pf=1.19 | no-panel train n= 692 R=-0.259  (81s)
[5m-jev-s42] it 198/200  obj= -8.42  train n=1415 R=-0.209 pf=0.67 | val n=1889 R=-0.125 pf=0.81 | no-panel train n=1983 R=-0.201  (82s)
[5m-jev-s42] it 199/200  obj= -0.05  train n=   7 R=-0.259 pf=1.78 | val n=  12 R=+0.367 pf=2.01 | no-panel train n=4847 R=-0.690  (83s)
[5m-jev-s42] it 200/200  obj=  0.38  train n=  35 R=+0.176 pf=1.22 | val n=  71 R=+0.167 pf=1.29 | no-panel train n=3592 R=-0.453  (84s)
missing panel entries encountered: 12244
{"iter": 176, "obj": 0.7086035813842807, "train": {"n_trades": 82, "win_rate": 0.36585365853658536, "avg_r": 0.13483470054779864, "expectancy_pct": 0.020336538365499073, "profit_factor": 1.0564544033835677, "total_return_pct": 4.657993344303524, "max_drawdown_pct": -4.6610128655632055, "sharpe_trade": 0.8276074402340274, "avg_bars": 4.475609756097561, "pct_target": 0.36585365853658536, "pct_stop": 0.6341463414634146, "trades_per_day": 1.300884663266093, "tstat": 0.7086035813842807}, "val": {"n_trades": 144, "win_rate": 0.25, "avg_r": -0.28205131628134267, "expectancy_pct": -0.09643275499860046, "profit_factor": 0.7481177879989817, "total_return_pct": -14.839242216169913, "max_drawdown_pct": -17.38671353101216, "sharpe_trade": -2.359258706298764, "avg_bars": 3.3402777777777777, "pct_target": 0.25, "pct_stop": 0.75, "trades_per_day": 5.330454229968381, "tstat": -2.181289567162018}}
{"iter": 126, "obj": 0.6275730831027305, "train": {"n_trades": 146, "win_rate": 0.4383561643835616, "avg_r": 0.06989986269632376, "expectancy_pct": 0.08639291114527704, "profit_factor": 1.204772890085892, "total_return_pct": 3.6171992097388195, "max_drawdown_pct": -3.3940496359236287, "sharpe_trade": 0.6340211955953136, "avg_bars": 10.73972602739726, "pct_target": 0.22602739726027396, "pct_stop": 0.4657534246575342, "trades_per_day": 2.3162092784981656, "tstat": 0.6275730831027305}, "val": {"n_trades": 188, "win_rate": 0.44680851063829785, "avg_r": 0.0953210768718472, "expectancy_pct": 0.042502252896773944, "profit_factor": 1.0983134896537552, "total_return_pct": 7.198640350391661, "max_drawdown_pct": -4.968680231401637, "sharpe_trade": 1.0668830450425597, "avg_bars": 10.707446808510639, "pct_target": 0.23404255319148937, "pct_stop": 0.4574468085106383, "trades_per_day": 6.9592041335698305, "tstat": 0.9794909108887063}}
{"iter": 33, "obj": 0.6179740584690238, "train": {"n_trades": 68, "win_rate": 0.45588235294117646, "avg_r": 0.10116925229870388, "expectancy_pct": 0.11776332824728276, "profit_factor": 1.2257640978470579, "total_return_pct": 1.5958228953756315, "max_drawdown_pct": -2.8577027503776717, "sharpe_trade": 0.5210869069307359, "avg_bars": 4.529411764705882, "pct_target": 0.45588235294117646, "pct_stop": 0.5441176470588235, "trades_per_day": 1.0787824036840772, "tstat": 0.6179740584690238}, "val": {"n_trades": 141, "win_rate": 0.3546099290780142, "avg_r": -0.1759340481675643, "expectancy_pct": -0.11764721481256196, "profit_factor": 0.8224995233218317, "total_return_pct": -6.669596222784968, "max_drawdown_pct": -9.056902142072666, "sharpe_trade": -1.6173461404500717, "avg_bars": 6.170212765957447, "pct_target": 0.3404255319148936, "pct_stop": 0.6382978723404256, "trades_per_day": 5.219403100177373, "tstat": -1.6369508233083379}}
{"iter": 159, "obj": 0.5216875062429487, "train": {"n_trades": 53, "win_rate": 0.4339622641509434, "avg_r": 0.13109345825243665, "expectancy_pct": 0.14113486614866505, "profit_factor": 1.408548188742286, "total_return_pct": 3.3590369032210132, "max_drawdown_pct": -5.02770988639932, "sharpe_trade": 0.590589629708999, "avg_bars": 4.69811320754717, "pct_target": 0.2830188679245283, "pct_stop": 0.5660377358490566, "trades_per_day": 0.8408156969890601, "tstat": 0.5905896297089985}, "val": {"n_trades": 69, "win_rate": 0.34782608695652173, "avg_r": -0.04943021992752238, "expectancy_pct": -0.029273775468976918, "profit_factor": 0.9189015632771383, "total_return_pct": -1.8942298924524814, "max_drawdown_pct": -4.492362425602532, "sharpe_trade": -0.2627079693201529, "avg_bars": 4.231884057971015, "pct_target": 0.2608695652173913, "pct_stop": 0.6086956521739131, "trades_per_day": 2.5541759851931825, "tstat": -0.2627079693201529}}
{"iter": 78, "obj": 0.45624333977844683, "train": {"n_trades": 67, "win_rate": 0.5373134328358209, "avg_r": 0.05080372841982267, "expectancy_pct": 0.04335227150268123, "profit_factor": 1.1183867273706312, "total_return_pct": 1.6466114854967406, "max_drawdown_pct": -3.5489846146763373, "sharpe_trade": 0.4562433397784467, "avg_bars": 4.358208955223881, "pct_target": 0.23880597014925373, "pct_stop": 0.29850746268656714, "trades_per_day": 1.062917956571076, "tstat": 0.45624333977844683}, "val": {"n_trades": 121, "win_rate": 0.49586776859504134, "avg_r": -0.044302736876103366, "expectancy_pct": -0.0385376557279685, "profit_factor": 0.9141828730896187, "total_return_pct": -2.782663270960961, "max_drawdown_pct": -4.8834487802340885, "sharpe_trade": -0.5016993765322605, "avg_bars": 4.289256198347108, "pct_target": 0.2892561983471074, "pct_stop": 0.371900826446281, "trades_per_day": 4.479062234903987, "tstat": -0.5016993765322606}}
