interval=5m coins=['BTC', 'ETH', 'ZEC', 'HYPE', 'NEAR', 'SOL', 'PUMP', 'XRP', 'ONDO', 'ENA'] panel=mock cache=128622
split at 2026-09-02 03:55:30+00:00  train_days=63.0 val_days=27.0
[5m-mock-s42] it   1/200  obj= -9.55  train n=1171 R=-0.562 pf=0.62 | val n= 612 R=-0.354 pf=0.84 | no-panel train n=1432 R=-0.611  (0s)
[5m-mock-s42] it   2/200  obj=-19.88  train n=5167 R=-0.412 pf=0.62 | val n=2814 R=-0.338 pf=0.70 | no-panel train n=5729 R=-0.427  (2s)
[5m-mock-s42] it   3/200  obj=-13.05  train n=2651 R=-0.397 pf=0.68 | val n=1264 R=-0.158 pf=0.91 | no-panel train n=2965 R=-0.412  (2s)
[5m-mock-s42] it   4/200  obj= -9.58  train n=1223 R=-0.378 pf=0.60 | val n= 682 R=-0.194 pf=0.85 | no-panel train n=1367 R=-0.418  (3s)
[5m-mock-s42] it   5/200  obj=-10.15  train n=1932 R=-0.256 pf=0.69 | val n= 974 R=-0.173 pf=0.78 | no-panel train n=2363 R=-0.254  (4s)
[5m-mock-s42] it   6/200  obj= -8.72  train n=2260 R=-0.192 pf=0.71 | val n=1622 R=-0.134 pf=0.81 | no-panel train n=2574 R=-0.191  (5s)
[5m-mock-s42] it   7/200  obj= -7.32  train n=1501 R=-0.177 pf=0.72 | val n=1264 R=-0.131 pf=0.77 | no-panel train n=1605 R=-0.169  (5s)
[5m-mock-s42] it   8/200  obj=-16.76  train n=2431 R=-0.428 pf=0.56 | val n=1349 R=-0.292 pf=0.72 | no-panel train n=2738 R=-0.430  (6s)
[5m-mock-s42] it   9/200  obj= -8.80  train n=1257 R=-0.350 pf=0.65 | val n= 795 R=-0.268 pf=0.72 | no-panel train n=1371 R=-0.365  (6s)
[5m-mock-s42] it  10/200  obj= -4.29  train n=1450 R=-0.145 pf=0.80 | val n= 832 R=-0.118 pf=0.92 | no-panel train n=1753 R=-0.174  (7s)
[5m-mock-s42] it  11/200  obj= -4.84  train n=1740 R=-0.133 pf=0.80 | val n=1473 R=-0.096 pf=0.86 | no-panel train n=1934 R=-0.124  (7s)
[5m-mock-s42] it  12/200  obj= -7.60  train n=1585 R=-0.190 pf=0.70 | val n=1073 R=-0.181 pf=0.71 | no-panel train n=3691 R=-0.269  (8s)
[5m-mock-s42] it  13/200  obj=-12.40  train n=3833 R=-0.287 pf=0.71 | val n=2082 R=-0.223 pf=0.78 | no-panel train n=4206 R=-0.287  (10s)
[5m-mock-s42] it  14/200  obj= -6.22  train n=1082 R=-0.235 pf=0.71 | val n= 533 R=-0.189 pf=0.77 | no-panel train n=1082 R=-0.235  (10s)
[5m-mock-s42] it  15/200  obj= -6.96  train n=2290 R=-0.234 pf=0.77 | val n=1525 R=-0.148 pf=0.84 | no-panel train n=2401 R=-0.228  (11s)
[5m-mock-s42] it  16/200  obj= -8.56  train n=1707 R=-0.302 pf=0.72 | val n= 878 R=-0.124 pf=0.91 | no-panel train n=1884 R=-0.293  (11s)
[5m-mock-s42] it  17/200  obj= -5.07  train n=1368 R=-0.271 pf=0.78 | val n= 848 R=-0.244 pf=0.81 | no-panel train n=1368 R=-0.271  (12s)
[5m-mock-s42] it  18/200  obj= -6.19  train n=1048 R=-0.229 pf=0.67 | val n= 664 R=-0.097 pf=0.86 | no-panel train n=1068 R=-0.224  (12s)
[5m-mock-s42] it  19/200  obj=-12.78  train n=3648 R=-0.377 pf=0.72 | val n=1851 R=-0.275 pf=0.80 | no-panel train n=4087 R=-0.384  (13s)
[5m-mock-s42] it  20/200  obj=-12.80  train n=2685 R=-0.357 pf=0.67 | val n=1473 R=-0.248 pf=0.76 | no-panel train n=2829 R=-0.362  (14s)
[5m-mock-s42] it  21/200  obj= -5.64  train n=1750 R=-0.165 pf=0.75 | val n=1446 R=-0.086 pf=0.87 | no-panel train n=1750 R=-0.165  (15s)
[5m-mock-s42] it  22/200  obj= -5.32  train n=1188 R=-0.274 pf=0.71 | val n= 878 R=-0.159 pf=0.81 | no-panel train n=1321 R=-0.292  (15s)
[5m-mock-s42] it  23/200  obj=-13.89  train n=4172 R=-0.312 pf=0.72 | val n=2112 R=-0.190 pf=0.82 | no-panel train n=4995 R=-0.338  (16s)
[5m-mock-s42] it  24/200  obj= -5.63  train n= 887 R=-0.224 pf=0.67 | val n= 804 R=-0.094 pf=0.85 | no-panel train n= 997 R=-0.201  (17s)
[5m-mock-s42] it  25/200  obj=-12.73  train n=2335 R=-0.293 pf=0.65 | val n=1178 R=-0.174 pf=0.78 | no-panel train n=2804 R=-0.317  (18s)
[5m-mock-s42] it  26/200  obj= -5.43  train n=1748 R=-0.199 pf=0.81 | val n=1456 R=-0.113 pf=0.86 | no-panel train n=1862 R=-0.200  (18s)
[5m-mock-s42] it  27/200  obj= -2.94  train n= 416 R=-0.122 pf=0.77 | val n= 285 R=-0.135 pf=0.77 | no-panel train n= 664 R=-0.195  (18s)
[5m-mock-s42] it  28/200  obj=-11.31  train n=3126 R=-0.226 pf=0.72 | val n=1762 R=-0.154 pf=0.83 | no-panel train n=3827 R=-0.234  (20s)
[5m-mock-s42] it  29/200  obj= -9.92  train n=2334 R=-0.197 pf=0.68 | val n=1331 R=-0.160 pf=0.79 | no-panel train n=2393 R=-0.192  (20s)
[5m-mock-s42] it  30/200  obj=-15.47  train n=3835 R=-0.359 pf=0.67 | val n=1925 R=-0.263 pf=0.74 | no-panel train n=3863 R=-0.363  (21s)
[5m-mock-s42] it  31/200  obj= -5.96  train n=1397 R=-0.194 pf=0.73 | val n=1122 R=-0.134 pf=0.84 | no-panel train n=1449 R=-0.196  (22s)
[5m-mock-s42] it  32/200  obj= -8.72  train n=1418 R=-0.380 pf=0.67 | val n= 747 R=-0.295 pf=0.77 | no-panel train n=1763 R=-0.410  (22s)
[5m-mock-s42] it  33/200  obj= -2.09  train n= 297 R=-0.156 pf=0.79 | val n= 281 R=-0.295 pf=0.66 | no-panel train n= 297 R=-0.156  (22s)
[5m-mock-s42] it  34/200  obj= -6.18  train n= 957 R=-0.339 pf=0.71 | val n= 577 R=-0.084 pf=0.95 | no-panel train n=1812 R=-0.423  (23s)
[5m-mock-s42] it  35/200  obj=-13.53  train n=2111 R=-0.400 pf=0.63 | val n=1096 R=-0.282 pf=0.72 | no-panel train n=2224 R=-0.412  (23s)
[5m-mock-s42] it  36/200  obj= -5.97  train n=1430 R=-0.230 pf=0.73 | val n=1254 R=-0.172 pf=0.82 | no-panel train n=1608 R=-0.214  (24s)
[5m-mock-s42] it  37/200  obj=-15.46  train n=3947 R=-0.342 pf=0.69 | val n=2031 R=-0.258 pf=0.74 | no-panel train n=4359 R=-0.363  (25s)
[5m-mock-s42] it  38/200  obj=-20.37  train n=6112 R=-0.348 pf=0.71 | val n=3053 R=-0.274 pf=0.76 | no-panel train n=7723 R=-0.396  (27s)
[5m-mock-s42] it  39/200  obj= -4.83  train n=1158 R=-0.247 pf=0.78 | val n= 767 R=-0.180 pf=0.80 | no-panel train n=1178 R=-0.249  (27s)
[5m-mock-s42] it  40/200  obj=-10.33  train n=1536 R=-0.318 pf=0.62 | val n= 885 R=-0.215 pf=0.74 | no-panel train n=2344 R=-0.376  (28s)
[5m-mock-s42] it  41/200  obj= -5.52  train n=1057 R=-0.215 pf=0.73 | val n= 900 R=-0.146 pf=0.83 | no-panel train n=1186 R=-0.205  (29s)
[5m-mock-s42] it  42/200  obj= -8.42  train n=3034 R=-0.163 pf=0.73 | val n=2080 R=-0.102 pf=0.83 | no-panel train n=3421 R=-0.156  (30s)
[5m-mock-s42] it  43/200  obj= -5.09  train n= 990 R=-0.234 pf=0.73 | val n= 782 R=-0.184 pf=0.79 | no-panel train n= 990 R=-0.234  (30s)
[5m-mock-s42] it  44/200  obj= -1.76  train n= 693 R=-0.106 pf=0.93 | val n= 526 R=-0.037 pf=0.92 | no-panel train n= 708 R=-0.104  (30s)
[5m-mock-s42] it  45/200  obj=-29.41  train n=7622 R=-0.420 pf=0.58 | val n=4050 R=-0.289 pf=0.71 | no-panel train n=10640 R=-0.472  (33s)
[5m-mock-s42] it  46/200  obj= -6.91  train n=1863 R=-0.167 pf=0.70 | val n=1497 R=-0.105 pf=0.82 | no-panel train n=1996 R=-0.178  (34s)
[5m-mock-s42] it  47/200  obj= -6.03  train n=1047 R=-0.348 pf=0.75 | val n= 559 R=-0.404 pf=0.67 | no-panel train n=1225 R=-0.379  (34s)
[5m-mock-s42] it  48/200  obj=-12.98  train n=4632 R=-0.216 pf=0.71 | val n=2420 R=-0.187 pf=0.75 | no-panel train n=5290 R=-0.240  (35s)
[5m-mock-s42] it  49/200  obj= -7.05  train n=1890 R=-0.208 pf=0.76 | val n= 994 R=-0.202 pf=0.78 | no-panel train n=2223 R=-0.223  (36s)
[5m-mock-s42] it  50/200  obj= -8.09  train n=2394 R=-0.243 pf=0.74 | val n=1458 R=-0.187 pf=0.81 | no-panel train n=2702 R=-0.240  (37s)
[5m-mock-s42] it  51/200  obj= -7.92  train n=1106 R=-0.270 pf=0.62 | val n= 600 R=-0.192 pf=0.70 | no-panel train n=1380 R=-0.301  (38s)
[5m-mock-s42] it  52/200  obj=-11.49  train n=2814 R=-0.333 pf=0.69 | val n=1451 R=-0.232 pf=0.81 | no-panel train n=3115 R=-0.341  (38s)
[5m-mock-s42] it  53/200  obj= -9.73  train n=1335 R=-0.341 pf=0.67 | val n= 747 R=-0.154 pf=0.83 | no-panel train n=1389 R=-0.350  (39s)
[5m-mock-s42] it  54/200  obj= -9.53  train n=1413 R=-0.334 pf=0.68 | val n= 740 R=-0.223 pf=0.78 | no-panel train n=1573 R=-0.380  (39s)
[5m-mock-s42] it  55/200  obj= -1.57  train n= 354 R=-0.124 pf=0.81 | val n= 250 R=-0.109 pf=0.85 | no-panel train n= 355 R=-0.117  (40s)
[5m-mock-s42] it  56/200  obj=-11.45  train n=3165 R=-0.265 pf=0.69 | val n=1822 R=-0.169 pf=0.79 | no-panel train n=3436 R=-0.277  (40s)
[5m-mock-s42] it  57/200  obj= -4.21  train n= 860 R=-0.191 pf=0.78 | val n= 637 R=-0.094 pf=0.87 | no-panel train n= 948 R=-0.207  (41s)
[5m-mock-s42] it  58/200  obj=-13.07  train n=3893 R=-0.357 pf=0.71 | val n=2024 R=-0.243 pf=0.78 | no-panel train n=3898 R=-0.356  (42s)
[5m-mock-s42] it  59/200  obj= -6.67  train n=1962 R=-0.200 pf=0.74 | val n=1649 R=-0.105 pf=0.87 | no-panel train n=2225 R=-0.191  (43s)
[5m-mock-s42] it  60/200  obj= -9.16  train n=2367 R=-0.204 pf=0.68 | val n=1618 R=-0.163 pf=0.73 | no-panel train n=2478 R=-0.204  (44s)
[5m-mock-s42] it  61/200  obj= -6.28  train n=1049 R=-0.252 pf=0.70 | val n= 619 R=-0.086 pf=0.90 | no-panel train n=1460 R=-0.285  (44s)
[5m-mock-s42] it  62/200  obj=-12.17  train n=3010 R=-0.240 pf=0.65 | val n=1753 R=-0.175 pf=0.74 | no-panel train n=3376 R=-0.234  (45s)
[5m-mock-s42] it  63/200  obj= -6.85  train n=1494 R=-0.200 pf=0.73 | val n=1112 R=-0.119 pf=0.86 | no-panel train n=1779 R=-0.201  (46s)
[5m-mock-s42] it  64/200  obj=-16.72  train n=3878 R=-0.350 pf=0.69 | val n=1896 R=-0.169 pf=0.83 | no-panel train n=4598 R=-0.377  (47s)
[5m-mock-s42] it  65/200  obj=-12.86  train n=2881 R=-0.371 pf=0.70 | val n=1467 R=-0.292 pf=0.74 | no-panel train n=3267 R=-0.383  (48s)
[5m-mock-s42] it  66/200  obj= -4.33  train n= 506 R=-0.224 pf=0.68 | val n= 375 R=-0.118 pf=0.85 | no-panel train n= 559 R=-0.218  (48s)
[5m-mock-s42] it  67/200  obj=-25.21  train n=5770 R=-0.419 pf=0.63 | val n=2942 R=-0.294 pf=0.71 | no-panel train n=6878 R=-0.478  (49s)
[5m-mock-s42] it  68/200  obj=-12.96  train n=2498 R=-0.307 pf=0.69 | val n=1402 R=-0.215 pf=0.74 | no-panel train n=2812 R=-0.320  (50s)
[5m-mock-s42] it  69/200  obj= -6.30  train n= 935 R=-0.203 pf=0.69 | val n= 775 R=-0.129 pf=0.78 | no-panel train n=1006 R=-0.186  (51s)
[5m-mock-s42] it  70/200  obj= -7.27  train n=1390 R=-0.228 pf=0.71 | val n=1070 R=-0.178 pf=0.75 | no-panel train n=1390 R=-0.228  (51s)
[5m-mock-s42] it  71/200  obj=-25.60  train n=7808 R=-0.322 pf=0.62 | val n=4210 R=-0.232 pf=0.74 | no-panel train n=11161 R=-0.395  (54s)
[5m-mock-s42] it  72/200  obj=-10.51  train n=1102 R=-0.374 pf=0.65 | val n= 597 R=-0.247 pf=0.77 | no-panel train n=1377 R=-0.407  (54s)
[5m-mock-s42] it  73/200  obj= -3.23  train n=1039 R=-0.161 pf=0.82 | val n= 907 R=-0.097 pf=0.89 | no-panel train n=1177 R=-0.138  (55s)
[5m-mock-s42] it  74/200  obj= -5.64  train n= 998 R=-0.223 pf=0.71 | val n= 765 R=-0.183 pf=0.73 | no-panel train n=1033 R=-0.233  (55s)
[5m-mock-s42] it  75/200  obj= -8.54  train n=2221 R=-0.182 pf=0.71 | val n=1838 R=-0.117 pf=0.78 | no-panel train n=2310 R=-0.180  (56s)
[5m-mock-s42] it  76/200  obj=-22.62  train n=5397 R=-0.362 pf=0.60 | val n=2936 R=-0.200 pf=0.79 | no-panel train n=6916 R=-0.393  (57s)
[5m-mock-s42] it  77/200  obj= -9.63  train n= 974 R=-0.429 pf=0.66 | val n= 458 R=-0.269 pf=0.78 | no-panel train n=1267 R=-0.530  (58s)
[5m-mock-s42] it  78/200  obj= -5.03  train n=1206 R=-0.133 pf=0.73 | val n=1031 R=-0.073 pf=0.85 | no-panel train n=1592 R=-0.151  (58s)
[5m-mock-s42] it  79/200  obj= -4.43  train n= 328 R=-0.340 pf=0.64 | val n= 206 R=-0.183 pf=0.89 | no-panel train n= 355 R=-0.394  (58s)
[5m-mock-s42] it  80/200  obj= -7.06  train n=2773 R=-0.187 pf=0.80 | val n=1864 R=-0.144 pf=0.83 | no-panel train n=2930 R=-0.185  (60s)
[5m-mock-s42] it  81/200  obj= -5.11  train n=1378 R=-0.155 pf=0.77 | val n=1032 R=-0.144 pf=0.74 | no-panel train n=1440 R=-0.152  (60s)
[5m-mock-s42] it  82/200  obj=-10.26  train n=3362 R=-0.292 pf=0.70 | val n=2396 R=-0.208 pf=0.80 | no-panel train n=3874 R=-0.290  (61s)
[5m-mock-s42] it  83/200  obj= -5.64  train n=1600 R=-0.184 pf=0.80 | val n= 970 R=-0.200 pf=0.72 | no-panel train n=1722 R=-0.180  (62s)
[5m-mock-s42] it  84/200  obj= -9.96  train n=2776 R=-0.246 pf=0.74 | val n=1634 R=-0.195 pf=0.79 | no-panel train n=3517 R=-0.250  (62s)
[5m-mock-s42] it  85/200  obj=-16.48  train n=3599 R=-0.364 pf=0.67 | val n=1881 R=-0.241 pf=0.85 | no-panel train n=5065 R=-0.439  (64s)
[5m-mock-s42] it  86/200  obj=-21.39  train n=6606 R=-0.400 pf=0.61 | val n=3691 R=-0.307 pf=0.68 | no-panel train n=6606 R=-0.400  (65s)
[5m-mock-s42] it  87/200  obj= -6.17  train n=1717 R=-0.189 pf=0.78 | val n=1171 R=-0.155 pf=0.78 | no-panel train n=1778 R=-0.193  (66s)
[5m-mock-s42] it  88/200  obj=-15.63  train n=2323 R=-0.441 pf=0.64 | val n=1128 R=-0.243 pf=0.78 | no-panel train n=2491 R=-0.456  (66s)
[5m-mock-s42] it  89/200  obj= -3.37  train n= 340 R=-0.227 pf=0.68 | val n= 291 R=-0.120 pf=0.85 | no-panel train n= 344 R=-0.229  (67s)
[5m-mock-s42] it  90/200  obj= -1.75  train n= 256 R=-0.146 pf=0.83 | val n= 172 R=-0.197 pf=0.78 | no-panel train n= 268 R=-0.155  (67s)
[5m-mock-s42] it  91/200  obj=-19.29  train n=5567 R=-0.299 pf=0.61 | val n=3053 R=-0.202 pf=0.76 | no-panel train n=6297 R=-0.304  (69s)
[5m-mock-s42] it  92/200  obj= -7.98  train n=1005 R=-0.327 pf=0.64 | val n= 499 R=-0.227 pf=0.75 | no-panel train n=1242 R=-0.358  (69s)
[5m-mock-s42] it  93/200  obj= -4.57  train n=1062 R=-0.225 pf=0.75 | val n= 831 R=-0.133 pf=0.86 | no-panel train n=1098 R=-0.221  (70s)
[5m-mock-s42] it  94/200  obj= -3.79  train n= 351 R=-0.252 pf=0.71 | val n= 235 R=-0.036 pf=1.00 | no-panel train n=1040 R=-0.389  (70s)
[5m-mock-s42] it  95/200  obj=-12.89  train n=2046 R=-0.335 pf=0.67 | val n=1094 R=-0.205 pf=0.81 | no-panel train n=2221 R=-0.334  (70s)
[5m-mock-s42] it  96/200  obj= -9.37  train n=2442 R=-0.265 pf=0.72 | val n=1662 R=-0.143 pf=0.84 | no-panel train n=2548 R=-0.262  (71s)
[5m-mock-s42] it  97/200  obj=-16.43  train n=4931 R=-0.301 pf=0.66 | val n=2816 R=-0.151 pf=0.82 | no-panel train n=7064 R=-0.309  (73s)
[5m-mock-s42] it  98/200  obj=-16.41  train n=2344 R=-0.420 pf=0.56 | val n=1404 R=-0.217 pf=0.75 | no-panel train n=2627 R=-0.447  (74s)
[5m-mock-s42] it  99/200  obj= -9.82  train n=2610 R=-0.265 pf=0.74 | val n=1361 R=-0.112 pf=0.88 | no-panel train n=2856 R=-0.279  (74s)
[5m-mock-s42] it 100/200  obj= -7.05  train n=1512 R=-0.262 pf=0.77 | val n= 876 R=-0.200 pf=0.79 | no-panel train n=1864 R=-0.253  (75s)
[5m-mock-s42] it 101/200  obj= -8.60  train n=3084 R=-0.256 pf=0.78 | val n=1773 R=-0.152 pf=0.86 | no-panel train n=3537 R=-0.268  (76s)
[5m-mock-s42] it 102/200  obj=-10.02  train n=1905 R=-0.339 pf=0.66 | val n=1123 R=-0.240 pf=0.72 | no-panel train n=2106 R=-0.349  (77s)
[5m-mock-s42] it 103/200  obj= -3.87  train n= 728 R=-0.178 pf=0.78 | val n= 510 R=-0.148 pf=0.85 | no-panel train n= 791 R=-0.173  (77s)
[5m-mock-s42] it 104/200  obj=-23.47  train n=6976 R=-0.438 pf=0.62 | val n=3760 R=-0.314 pf=0.75 | no-panel train n=8581 R=-0.458  (79s)
[5m-mock-s42] it 105/200  obj=-15.95  train n=2577 R=-0.365 pf=0.62 | val n=1307 R=-0.313 pf=0.66 | no-panel train n=2577 R=-0.365  (80s)
[5m-mock-s42] it 106/200  obj= -4.95  train n= 886 R=-0.192 pf=0.74 | val n= 495 R=-0.205 pf=0.75 | no-panel train n= 968 R=-0.210  (80s)
[5m-mock-s42] it 107/200  obj= -9.78  train n=3646 R=-0.235 pf=0.75 | val n=2448 R=-0.136 pf=0.85 | no-panel train n=4135 R=-0.244  (81s)
[5m-mock-s42] it 108/200  obj= -7.03  train n=1066 R=-0.293 pf=0.65 | val n= 951 R=-0.162 pf=0.81 | no-panel train n=1066 R=-0.293  (82s)
[5m-mock-s42] it 109/200  obj= -9.43  train n=2869 R=-0.210 pf=0.75 | val n=1691 R=-0.160 pf=0.82 | no-panel train n=5207 R=-0.282  (83s)
[5m-mock-s42] it 110/200  obj=-16.88  train n=3141 R=-0.331 pf=0.64 | val n=1608 R=-0.225 pf=0.75 | no-panel train n=3513 R=-0.338  (84s)
[5m-mock-s42] it 111/200  obj= -7.80  train n=1421 R=-0.264 pf=0.71 | val n= 805 R=-0.183 pf=0.81 | no-panel train n=1453 R=-0.260  (85s)
[5m-mock-s42] it 112/200  obj= -7.61  train n=1760 R=-0.242 pf=0.69 | val n=1190 R=-0.168 pf=0.78 | no-panel train n=1817 R=-0.240  (85s)
[5m-mock-s42] it 113/200  obj=-15.97  train n=5688 R=-0.277 pf=0.68 | val n=3136 R=-0.197 pf=0.78 | no-panel train n=7116 R=-0.272  (87s)
[5m-mock-s42] it 114/200  obj= -5.04  train n=1946 R=-0.141 pf=0.82 | val n=1354 R=-0.099 pf=0.86 | no-panel train n=2000 R=-0.143  (87s)
[5m-mock-s42] it 115/200  obj=-15.23  train n=2692 R=-0.459 pf=0.61 | val n=1605 R=-0.335 pf=0.70 | no-panel train n=3503 R=-0.558  (89s)
[5m-mock-s42] it 116/200  obj= -7.46  train n=1548 R=-0.212 pf=0.70 | val n=1026 R=-0.177 pf=0.72 | no-panel train n=1626 R=-0.211  (89s)
[5m-mock-s42] it 117/200  obj=-12.61  train n=2728 R=-0.450 pf=0.69 | val n=1300 R=-0.367 pf=0.73 | no-panel train n=3163 R=-0.512  (90s)
[5m-mock-s42] it 118/200  obj= -7.48  train n=1547 R=-0.272 pf=0.71 | val n= 829 R=-0.131 pf=0.88 | no-panel train n=2080 R=-0.277  (91s)
[5m-mock-s42] it 119/200  obj=-17.05  train n=3393 R=-0.440 pf=0.59 | val n=1830 R=-0.302 pf=0.72 | no-panel train n=3829 R=-0.449  (92s)
[5m-mock-s42] it 120/200  obj= -8.84  train n=1242 R=-0.381 pf=0.68 | val n= 681 R=-0.189 pf=0.83 | no-panel train n=1309 R=-0.399  (92s)
[5m-mock-s42] it 121/200  obj= -5.36  train n= 484 R=-0.405 pf=0.71 | val n= 271 R=-0.212 pf=0.84 | no-panel train n= 637 R=-0.400  (92s)
[5m-mock-s42] it 122/200  obj=-11.62  train n=2092 R=-0.332 pf=0.66 | val n=1147 R=-0.244 pf=0.73 | no-panel train n=2482 R=-0.355  (93s)
[5m-mock-s42] it 123/200  obj= -6.21  train n= 777 R=-0.311 pf=0.69 | val n= 419 R=-0.228 pf=0.81 | no-panel train n= 885 R=-0.356  (94s)
[5m-mock-s42] it 124/200  obj= -7.08  train n=1158 R=-0.323 pf=0.70 | val n= 669 R=-0.285 pf=0.71 | no-panel train n=1201 R=-0.320  (94s)
[5m-mock-s42] it 125/200  obj=-20.88  train n=4198 R=-0.602 pf=0.63 | val n=2051 R=-0.448 pf=0.70 | no-panel train n=4713 R=-0.621  (95s)
[5m-mock-s42] it 126/200  obj= -6.56  train n=1354 R=-0.235 pf=0.72 | val n= 719 R=-0.084 pf=0.86 | no-panel train n=1395 R=-0.244  (96s)
[5m-mock-s42] it 127/200  obj= -8.31  train n=1000 R=-0.287 pf=0.59 | val n= 603 R=-0.164 pf=0.78 | no-panel train n=1157 R=-0.289  (96s)
[5m-mock-s42] it 128/200  obj=-15.37  train n=3303 R=-0.263 pf=0.62 | val n=1683 R=-0.207 pf=0.71 | no-panel train n=3724 R=-0.274  (97s)
[5m-mock-s42] it 129/200  obj= -6.42  train n= 861 R=-0.290 pf=0.67 | val n= 733 R=-0.179 pf=0.78 | no-panel train n= 901 R=-0.284  (97s)
[5m-mock-s42] it 130/200  obj=-17.91  train n=5972 R=-0.264 pf=0.67 | val n=3424 R=-0.151 pf=0.81 | no-panel train n=7159 R=-0.274  (99s)
[5m-mock-s42] it 131/200  obj= -4.67  train n= 616 R=-0.220 pf=0.68 | val n= 523 R=-0.124 pf=0.83 | no-panel train n= 632 R=-0.228  (100s)
[5m-mock-s42] it 132/200  obj=-15.92  train n=5271 R=-0.246 pf=0.69 | val n=2789 R=-0.178 pf=0.77 | no-panel train n=5277 R=-0.246  (101s)
[5m-mock-s42] it 133/200  obj= -3.13  train n= 514 R=-0.156 pf=0.82 | val n= 400 R=-0.116 pf=0.85 | no-panel train n= 519 R=-0.156  (101s)
[5m-mock-s42] it 134/200  obj=-16.91  train n=5242 R=-0.391 pf=0.70 | val n=2747 R=-0.269 pf=0.80 | no-panel train n=6165 R=-0.412  (103s)
[5m-mock-s42] it 135/200  obj=-16.80  train n=4903 R=-0.367 pf=0.65 | val n=2621 R=-0.285 pf=0.74 | no-panel train n=4984 R=-0.366  (104s)
[5m-mock-s42] it 136/200  obj=-15.07  train n=2816 R=-0.404 pf=0.63 | val n=1561 R=-0.274 pf=0.72 | no-panel train n=3311 R=-0.412  (105s)
[5m-mock-s42] it 137/200  obj=-16.93  train n=2476 R=-0.514 pf=0.58 | val n=1270 R=-0.389 pf=0.71 | no-panel train n=2638 R=-0.526  (106s)
[5m-mock-s42] it 138/200  obj=-17.65  train n=4039 R=-0.309 pf=0.61 | val n=2190 R=-0.153 pf=0.82 | no-panel train n=4533 R=-0.314  (107s)
[5m-mock-s42] it 139/200  obj=-12.75  train n=3025 R=-0.296 pf=0.68 | val n=1494 R=-0.175 pf=0.80 | no-panel train n=3262 R=-0.291  (108s)
[5m-mock-s42] it 140/200  obj=-16.99  train n=5139 R=-0.260 pf=0.69 | val n=2696 R=-0.181 pf=0.81 | no-panel train n=6975 R=-0.299  (110s)
[5m-mock-s42] it 141/200  obj=-22.13  train n=5101 R=-0.348 pf=0.63 | val n=2800 R=-0.256 pf=0.73 | no-panel train n=6671 R=-0.384  (111s)
[5m-mock-s42] it 142/200  obj=-12.28  train n=2444 R=-0.397 pf=0.68 | val n=1202 R=-0.276 pf=0.75 | no-panel train n=2661 R=-0.421  (112s)
[5m-mock-s42] it 143/200  obj= -3.82  train n= 424 R=-0.210 pf=0.71 | val n= 304 R=-0.108 pf=0.88 | no-panel train n= 431 R=-0.217  (112s)
[5m-mock-s42] it 144/200  obj= -5.22  train n= 907 R=-0.222 pf=0.70 | val n= 541 R=-0.199 pf=0.74 | no-panel train n= 907 R=-0.222  (112s)
[5m-mock-s42] it 145/200  obj= -5.58  train n=1963 R=-0.163 pf=0.75 | val n=1603 R=-0.096 pf=0.87 | no-panel train n=2149 R=-0.166  (113s)
[5m-mock-s42] it 146/200  obj= -5.84  train n= 396 R=-0.508 pf=0.58 | val n= 211 R=-0.192 pf=0.81 | no-panel train n= 508 R=-0.570  (113s)
[5m-mock-s42] it 147/200  obj= -5.83  train n=1246 R=-0.182 pf=0.72 | val n=1055 R=-0.094 pf=0.86 | no-panel train n=1356 R=-0.168  (114s)
[5m-mock-s42] it 148/200  obj= -8.22  train n=1091 R=-0.322 pf=0.66 | val n= 692 R=-0.175 pf=0.82 | no-panel train n=1187 R=-0.319  (114s)
[5m-mock-s42] it 149/200  obj= -7.02  train n=1413 R=-0.190 pf=0.69 | val n=1228 R=-0.144 pf=0.77 | no-panel train n=1503 R=-0.176  (115s)
[5m-mock-s42] it 150/200  obj= -5.66  train n= 642 R=-0.252 pf=0.70 | val n= 546 R=-0.114 pf=0.85 | no-panel train n= 753 R=-0.218  (115s)
[5m-mock-s42] it 151/200  obj= -4.63  train n= 896 R=-0.180 pf=0.75 | val n= 669 R=-0.173 pf=0.75 | no-panel train n= 931 R=-0.192  (116s)
[5m-mock-s42] it 152/200  obj= -2.74  train n= 318 R=-0.248 pf=0.71 | val n= 275 R=-0.123 pf=0.83 | no-panel train n= 318 R=-0.248  (116s)
[5m-mock-s42] it 153/200  obj= -7.41  train n=1120 R=-0.326 pf=0.68 | val n= 699 R=-0.157 pf=0.84 | no-panel train n=1230 R=-0.316  (116s)
[5m-mock-s42] it 154/200  obj=-11.14  train n=2745 R=-0.197 pf=0.65 | val n=1697 R=-0.151 pf=0.75 | no-panel train n=3209 R=-0.199  (117s)
[5m-mock-s42] it 155/200  obj=-12.95  train n=5021 R=-0.210 pf=0.72 | val n=2818 R=-0.181 pf=0.78 | no-panel train n=6264 R=-0.221  (118s)
[5m-mock-s42] it 156/200  obj=-10.39  train n=1334 R=-0.312 pf=0.61 | val n= 736 R=-0.155 pf=0.79 | no-panel train n=1897 R=-0.373  (119s)
[5m-mock-s42] it 157/200  obj=-24.24  train n=6836 R=-0.494 pf=0.65 | val n=3376 R=-0.354 pf=0.76 | no-panel train n=8428 R=-0.552  (121s)
[5m-mock-s42] it 158/200  obj=-18.34  train n=3828 R=-0.384 pf=0.60 | val n=2224 R=-0.260 pf=0.74 | no-panel train n=6251 R=-0.450  (122s)
[5m-mock-s42] it 159/200  obj= -6.14  train n= 882 R=-0.295 pf=0.67 | val n= 589 R=-0.168 pf=0.83 | no-panel train n= 919 R=-0.306  (123s)
[5m-mock-s42] it 160/200  obj=-14.48  train n=3583 R=-0.382 pf=0.66 | val n=2121 R=-0.297 pf=0.75 | no-panel train n=4525 R=-0.412  (124s)
[5m-mock-s42] it 161/200  obj=-14.42  train n=4442 R=-0.407 pf=0.69 | val n=2440 R=-0.267 pf=0.81 | no-panel train n=5370 R=-0.423  (126s)
[5m-mock-s42] it 162/200  obj=-14.13  train n=3663 R=-0.273 pf=0.68 | val n=2069 R=-0.219 pf=0.74 | no-panel train n=4639 R=-0.278  (127s)
[5m-mock-s42] it 163/200  obj=-15.59  train n=2916 R=-0.322 pf=0.65 | val n=1387 R=-0.302 pf=0.67 | no-panel train n=2925 R=-0.322  (128s)
[5m-mock-s42] it 164/200  obj=-10.51  train n=1375 R=-0.370 pf=0.64 | val n= 801 R=-0.122 pf=0.93 | no-panel train n=1459 R=-0.399  (128s)
[5m-mock-s42] it 165/200  obj= -8.78  train n=2160 R=-0.258 pf=0.73 | val n=1263 R=-0.234 pf=0.71 | no-panel train n=2292 R=-0.226  (129s)
[5m-mock-s42] it 166/200  obj= -6.80  train n=1443 R=-0.224 pf=0.73 | val n= 877 R=-0.119 pf=0.83 | no-panel train n=2380 R=-0.255  (130s)
[5m-mock-s42] it 167/200  obj=-12.45  train n=3343 R=-0.314 pf=0.69 | val n=1761 R=-0.294 pf=0.69 | no-panel train n=3532 R=-0.321  (130s)
[5m-mock-s42] it 168/200  obj= -9.84  train n=1761 R=-0.283 pf=0.66 | val n=1006 R=-0.214 pf=0.77 | no-panel train n=1979 R=-0.271  (131s)
[5m-mock-s42] it 169/200  obj=-10.64  train n=3725 R=-0.245 pf=0.74 | val n=2144 R=-0.138 pf=0.86 | no-panel train n=4550 R=-0.253  (132s)
[5m-mock-s42] it 170/200  obj=-10.83  train n=1429 R=-0.427 pf=0.67 | val n= 796 R=-0.227 pf=0.90 | no-panel train n=1437 R=-0.432  (133s)
[5m-mock-s42] it 171/200  obj= -9.65  train n=1859 R=-0.523 pf=0.58 | val n= 849 R=-0.145 pf=0.92 | no-panel train n=1902 R=-0.528  (133s)
[5m-mock-s42] it 172/200  obj= -8.75  train n=2096 R=-0.245 pf=0.70 | val n=1196 R=-0.124 pf=0.83 | no-panel train n=2260 R=-0.252  (134s)
[5m-mock-s42] it 173/200  obj=-14.43  train n=1949 R=-0.399 pf=0.58 | val n=1024 R=-0.259 pf=0.74 | no-panel train n=2096 R=-0.404  (134s)
[5m-mock-s42] it 174/200  obj=-16.93  train n=2640 R=-0.334 pf=0.57 | val n=1354 R=-0.238 pf=0.69 | no-panel train n=3332 R=-0.378  (135s)
[5m-mock-s42] it 175/200  obj= -8.73  train n=1036 R=-0.347 pf=0.64 | val n= 512 R=-0.117 pf=0.86 | no-panel train n=1111 R=-0.353  (136s)
[5m-mock-s42] it 176/200  obj= -7.08  train n=1098 R=-0.326 pf=0.66 | val n= 930 R=-0.192 pf=0.78 | no-panel train n=1168 R=-0.313  (136s)
[5m-mock-s42] it 177/200  obj= -7.55  train n=1082 R=-0.331 pf=0.70 | val n= 592 R=-0.180 pf=0.79 | no-panel train n=1366 R=-0.387  (136s)
[5m-mock-s42] it 178/200  obj= -7.39  train n=1279 R=-0.306 pf=0.63 | val n= 902 R=-0.286 pf=0.68 | no-panel train n=1398 R=-0.313  (137s)
[5m-mock-s42] it 179/200  obj= -8.58  train n=1981 R=-0.252 pf=0.74 | val n=1043 R=-0.192 pf=0.81 | no-panel train n=2538 R=-0.284  (138s)
[5m-mock-s42] it 180/200  obj= -4.50  train n= 738 R=-0.190 pf=0.73 | val n= 582 R=-0.171 pf=0.75 | no-panel train n= 782 R=-0.207  (138s)
[5m-mock-s42] it 181/200  obj= -9.99  train n=3036 R=-0.193 pf=0.72 | val n=1733 R=-0.132 pf=0.80 | no-panel train n=3586 R=-0.208  (139s)
[5m-mock-s42] it 182/200  obj=-13.87  train n=2775 R=-0.316 pf=0.67 | val n=1454 R=-0.141 pf=0.88 | no-panel train n=3350 R=-0.340  (140s)
[5m-mock-s42] it 183/200  obj= -4.31  train n=1178 R=-0.169 pf=0.84 | val n= 832 R=-0.108 pf=0.87 | no-panel train n=1224 R=-0.170  (140s)
[5m-mock-s42] it 184/200  obj=-15.12  train n=3337 R=-0.335 pf=0.63 | val n=1783 R=-0.207 pf=0.82 | no-panel train n=3660 R=-0.328  (141s)
[5m-mock-s42] it 185/200  obj=-17.23  train n=3298 R=-0.356 pf=0.58 | val n=1801 R=-0.245 pf=0.71 | no-panel train n=4196 R=-0.379  (143s)
[5m-mock-s42] it 186/200  obj=-16.93  train n=3892 R=-0.426 pf=0.67 | val n=1909 R=-0.240 pf=0.80 | no-panel train n=4835 R=-0.429  (144s)
[5m-mock-s42] it 187/200  obj= -1.46  train n= 246 R=-0.125 pf=0.80 | val n= 250 R=-0.119 pf=0.81 | no-panel train n= 250 R=-0.120  (144s)
[5m-mock-s42] it 188/200  obj=-10.81  train n=1573 R=-0.281 pf=0.63 | val n= 859 R=-0.210 pf=0.73 | no-panel train n=1767 R=-0.280  (144s)
[5m-mock-s42] it 189/200  obj=-12.85  train n=2333 R=-0.426 pf=0.65 | val n=1251 R=-0.302 pf=0.73 | no-panel train n=2734 R=-0.447  (145s)
[5m-mock-s42] it 190/200  obj= -7.43  train n=2108 R=-0.195 pf=0.75 | val n=1270 R=-0.171 pf=0.76 | no-panel train n=2311 R=-0.188  (146s)
[5m-mock-s42] it 191/200  obj=-21.31  train n=7109 R=-0.427 pf=0.66 | val n=3650 R=-0.316 pf=0.76 | no-panel train n=9133 R=-0.438  (148s)
[5m-mock-s42] it 192/200  obj= -7.14  train n=1045 R=-0.300 pf=0.69 | val n= 593 R=-0.043 pf=0.98 | no-panel train n=1160 R=-0.299  (148s)
[5m-mock-s42] it 193/200  obj= -5.28  train n=1131 R=-0.254 pf=0.71 | val n= 768 R=-0.195 pf=0.81 | no-panel train n=1340 R=-0.264  (148s)
[5m-mock-s42] it 194/200  obj= -9.48  train n=2006 R=-0.305 pf=0.74 | val n=1004 R=-0.148 pf=0.88 | no-panel train n=2173 R=-0.304  (149s)
[5m-mock-s42] it 195/200  obj=-15.96  train n=5108 R=-0.241 pf=0.67 | val n=2987 R=-0.150 pf=0.80 | no-panel train n=6571 R=-0.255  (151s)
[5m-mock-s42] it 196/200  obj=-13.79  train n=3554 R=-0.229 pf=0.68 | val n=1930 R=-0.178 pf=0.74 | no-panel train n=3927 R=-0.243  (151s)
[5m-mock-s42] it 197/200  obj= -5.88  train n=1409 R=-0.252 pf=0.81 | val n= 816 R=-0.146 pf=0.88 | no-panel train n=1577 R=-0.264  (152s)
[5m-mock-s42] it 198/200  obj=-14.78  train n=3995 R=-0.219 pf=0.67 | val n=2251 R=-0.135 pf=0.78 | no-panel train n=4559 R=-0.223  (153s)
[5m-mock-s42] it 199/200  obj=-11.09  train n=3320 R=-0.314 pf=0.69 | val n=2275 R=-0.221 pf=0.80 | no-panel train n=10422 R=-0.596  (155s)
[5m-mock-s42] it 200/200  obj=-14.55  train n=4172 R=-0.312 pf=0.68 | val n=2520 R=-0.207 pf=0.77 | no-panel train n=7692 R=-0.425  (157s)
missing panel entries encountered: 0
{"iter": 187, "obj": -1.4590401699600926, "train": {"n_trades": 246, "win_rate": 0.33739837398373984, "avg_r": -0.1248379457153666, "expectancy_pct": -0.11193186235877318, "profit_factor": 0.7973649526542103, "total_return_pct": -14.708699938569191, "max_drawdown_pct": -22.67773806665679, "sharpe_trade": -1.4590401699600928, "avg_bars": 5.869918699186992, "pct_target": 0.1910569105691057, "pct_stop": 0.5853658536585366, "trades_per_day": 3.904310017028452, "tstat": -1.4590401699600926}, "val": {"n_trades": 250, "win_rate": 0.36, "avg_r": -0.11882425050157008, "expectancy_pct": -0.11197588095719238, "profit_factor": 0.8098328232957795, "total_return_pct": -14.23694026753699, "max_drawdown_pct": -18.29403033680322, "sharpe_trade": -1.4793782598698584, "avg_bars": 6.292, "pct_target": 0.144, "pct_stop": 0.556, "trades_per_day": 9.258187709755815, "tstat": -1.4793782598698584}}
{"iter": 55, "obj": -1.570024866643928, "train": {"n_trades": 354, "win_rate": 0.3022598870056497, "avg_r": -0.12443690958921282, "expectancy_pct": -0.1185221432231217, "profit_factor": 0.8078780364521747, "total_return_pct": -23.34480076579516, "max_drawdown_pct": -29.728051935873452, "sharpe_trade": -1.5314948709716365, "avg_bars": 7.313559322033898, "pct_target": 0.2401129943502825, "pct_stop": 0.6666666666666666, "trades_per_day": 5.618397341577529, "tstat": -1.570024866643928}, "val": {"n_trades": 250, "win_rate": 0.3, "avg_r": -0.10910579524944282, "expectancy_pct": -0.10825821291738658, "profit_factor": 0.8486215231345939, "total_return_pct": -15.701726500485236, "max_drawdown_pct": -27.283086316921622, "sharpe_trade": -1.1310515594102368, "avg_bars": 6.116, "pct_target": 0.256, "pct_stop": 0.68, "trades_per_day": 9.258187709755815, "tstat": -1.1447050563419228}}
{"iter": 90, "obj": -1.7545052049178136, "train": {"n_trades": 256, "win_rate": 0.4140625, "avg_r": -0.14578780209891387, "expectancy_pct": -0.05454765426453887, "profit_factor": 0.8274301048755905, "total_return_pct": -18.133234976504742, "max_drawdown_pct": -27.70142348791298, "sharpe_trade": -1.6735089674844488, "avg_bars": 2.46875, "pct_target": 0.4140625, "pct_stop": 0.5859375, "trades_per_day": 4.063021806338552, "tstat": -1.7545052049178136}, "val": {"n_trades": 172, "win_rate": 0.38953488372093026, "avg_r": -0.19684345194958322, "expectancy_pct": -0.07598461142212468, "profit_factor": 0.7788241019691823, "total_return_pct": -16.792667400500573, "max_drawdown_pct": -18.4664532309862, "sharpe_trade": -1.8519252098064862, "avg_bars": 2.4011627906976742, "pct_target": 0.38953488372093026, "pct_stop": 0.6104651162790697, "trades_per_day": 6.369633144312001, "tstat": -1.964370721109464}}
{"iter": 44, "obj": -1.7567174333333284, "train": {"n_trades": 693, "win_rate": 0.30158730158730157, "avg_r": -0.10563164562732621, "expectancy_pct": -0.03694689956259018, "profit_factor": 0.9270219997967017, "total_return_pct": -34.44720112316977, "max_drawdown_pct": -39.37440460482148, "sharpe_trade": -1.6174568469938437, "avg_bars": 6.865800865800866, "pct_target": 0.20057720057720058, "pct_stop": 0.6637806637806638, "trades_per_day": 10.998726999189909, "tstat": -1.7567174333333284}, "val": {"n_trades": 526, "win_rate": 0.31368821292775667, "avg_r": -0.037106342951200674, "expectancy_pct": -0.04350308394754015, "profit_factor": 0.923829215224807, "total_return_pct": -12.724972161129589, "max_drawdown_pct": -28.67089040076096, "sharpe_trade": -0.516334332537496, "avg_bars": 6.937262357414449, "pct_target": 0.21482889733840305, "pct_stop": 0.6596958174904943, "trades_per_day": 19.479226941326235, "tstat": -0.5256478266127902}}
{"iter": 33, "obj": -2.087759024663208, "train": {"n_trades": 297, "win_rate": 0.37037037037037035, "avg_r": -0.1556540983068719, "expectancy_pct": -0.12353382513003068, "profit_factor": 0.7868750862022167, "total_return_pct": -24.238391160191764, "max_drawdown_pct": -27.785552587114292, "sharpe_trade": -2.074651419224342, "avg_bars": 5.505050505050505, "pct_target": 0.35353535353535354, "pct_stop": 0.6262626262626263, "trades_per_day": 4.713740142509961, "tstat": -2.087759024663208}, "val": {"n_trades": 281, "win_rate": 0.3096085409252669, "avg_r": -0.2947286328209779, "expectancy_pct": -0.23433420675965794, "profit_factor": 0.6645537679147995, "total_return_pct": -38.52708365610364, "max_drawdown_pct": -39.87814745355982, "sharpe_trade": -3.868837047122643, "avg_bars": 5.512455516014235, "pct_target": 0.29537366548042704, "pct_stop": 0.6761565836298933, "trades_per_day": 10.406202985765535, "tstat": -4.027915492044621}}
