{
 "iterations": 200,
 "with_train_trades_ge_30": 161,
 "corr_train_val_tstat": 0.6761788099080979,
 "share_val_positive_R_all": 0.16,
 "share_val_positive_R_top20_by_train": 0.2,
 "panel_uplift_val_R_median": 0.08186036479552274,
 "panel_uplift_val_R_share_positive": 0.8522727272727273,
 "no_panel_val_R_median": -0.18577148590034886,
 "entry_mode_val_R_median": {
  "limit": -0.089,
  "market": -0.163
 }
}
     iter    obj   entry    sl    tp  max_bars     mr     pb     bo    thr  t_n    t_R   t_pf   t_wr  t_ret   t_dd  v_n    v_R   v_pf   v_wr   v_ret    v_dd  np_v_n  np_v_R
175   176  0.709   limit  0.71  1.75        36   True   True   True  0.644   82  0.135  1.056  0.366  4.658 -4.661  144 -0.282  0.748  0.250 -14.839 -17.387     983  -0.172
125   126  0.628   limit  1.44  3.08        18   True   True   True  0.624  146  0.070  1.205  0.438  3.617 -3.394  188  0.095  1.098  0.447   7.199  -4.969     736  -0.087
32     33  0.618  market  1.41  2.31        24  False  False   True  0.456   68  0.101  1.226  0.456  1.596 -2.858  141 -0.176  0.822  0.355  -6.670  -9.057     281  -0.294
158   159  0.522   limit  0.81  2.02         9  False   True  False  0.473   53  0.131  1.409  0.434  3.359 -5.028   69 -0.049  0.919  0.348  -1.894  -4.492     607  -0.177
77     78  0.456   limit  1.44  1.81         6   True   True  False  0.748   67  0.051  1.118  0.537  1.647 -3.549  121 -0.044  0.914  0.496  -2.783  -4.883    1328  -0.080
41     42  0.424  market  1.60  3.01         9   True   True   True  0.390  271  0.028  1.096  0.461  3.456 -8.678  425 -0.082  0.875  0.412 -16.501 -19.449    2328  -0.105
23     24  0.375   limit  1.07  1.71         9   True   True   True  0.680   29  0.197  1.068  0.483  1.806 -1.558   63  0.056  1.014  0.444   1.259  -1.971     872  -0.087
199   200  0.375   limit  1.11  2.68        12   True   True   True  0.724   35  0.176  1.219  0.343  2.057 -3.471   71  0.167  1.293  0.451   5.588  -3.479    3649  -0.298
35     36  0.372   limit  0.80  1.61        18   True   True   True  0.655   96  0.063  1.056  0.375  2.475 -6.877  183 -0.073  0.954  0.350  -5.767  -7.634    1381  -0.141
182   183  0.358  market  1.32  2.37        36  False   True  False  0.574  166  0.038  1.236  0.422  2.583 -5.941  264 -0.070  0.933  0.383  -7.308 -10.475     852  -0.123
FINALIZE_DONE
