BTC    1m    5041 bars  2026-09-25 15:38:00+00:00 -> 2026-09-29 03:38:00+00:00
BTC    5m    5007 bars  2026-09-11 18:20:00+00:00 -> 2026-09-29 03:30:00+00:00
ETH    1m    5039 bars  2026-09-25 15:40:00+00:00 -> 2026-09-29 03:38:00+00:00
ETH    5m    5007 bars  2026-09-11 18:20:00+00:00 -> 2026-09-29 03:30:00+00:00
ZEC    1m    5008 bars  2026-09-25 16:11:00+00:00 -> 2026-09-29 03:38:00+00:00
ZEC    5m    5000 bars  2026-09-11 18:55:00+00:00 -> 2026-09-29 03:30:00+00:00
HYPE   1m    5139 bars  2026-09-25 14:00:00+00:00 -> 2026-09-29 03:38:00+00:00
HYPE   5m    5027 bars  2026-09-11 16:40:00+00:00 -> 2026-09-29 03:30:00+00:00
NEAR   1m    5104 bars  2026-09-25 14:35:00+00:00 -> 2026-09-29 03:38:00+00:00
NEAR   5m    5020 bars  2026-09-11 17:15:00+00:00 -> 2026-09-29 03:30:00+00:00
SOL    1m    5029 bars  2026-09-25 15:50:00+00:00 -> 2026-09-29 03:38:00+00:00
SOL    5m    5005 bars  2026-09-11 18:30:00+00:00 -> 2026-09-29 03:30:00+00:00
PUMP   1m    5041 bars  2026-09-25 15:38:00+00:00 -> 2026-09-29 03:38:00+00:00
PUMP   5m    5007 bars  2026-09-11 18:20:00+00:00 -> 2026-09-29 03:30:00+00:00
XRP    1m    5221 bars  2026-09-25 12:38:00+00:00 -> 2026-09-29 03:38:00+00:00
XRP    5m    5043 bars  2026-09-11 15:20:00+00:00 -> 2026-09-29 03:30:00+00:00
ONDO   1m    5027 bars  2026-09-25 15:52:00+00:00 -> 2026-09-29 03:38:00+00:00
ONDO   5m    5004 bars  2026-09-11 18:35:00+00:00 -> 2026-09-29 03:30:00+00:00
ENA    1m    5228 bars  2026-09-25 12:31:00+00:00 -> 2026-09-29 03:38:00+00:00
ENA    5m    5044 bars  2026-09-11 15:15:00+00:00 -> 2026-09-29 03:30:00+00:00
spreads_bps {"BTC": 0.12, "ETH": 0.375, "ZEC": 0.727, "HYPE": 0.115, "NEAR": 0.215, "SOL": 0.849, "PUMP": 8.33, "XRP": 0.671, "ONDO": 2.548, "ENA": 0.399}
